Archive member included to satisfy reference by file (symbol)

/home/twolfg/BLEEnvironmentDownloads/gcc-arm-none-eabi-7-2017-q4-major/bin/../lib/gcc/arm-none-eabi/7.2.1/../../../../arm-none-eabi/lib/thumb/v7e-m/fpv4-sp/hard/libc_nano.a(lib_a-exit.o)
                              /home/twolfg/BLEEnvironmentDownloads/gcc-arm-none-eabi-7-2017-q4-major/bin/../lib/gcc/arm-none-eabi/7.2.1/../../../../arm-none-eabi/lib/thumb/v7e-m/fpv4-sp/hard/crt0.o (exit)
/home/twolfg/BLEEnvironmentDownloads/gcc-arm-none-eabi-7-2017-q4-major/bin/../lib/gcc/arm-none-eabi/7.2.1/../../../../arm-none-eabi/lib/thumb/v7e-m/fpv4-sp/hard/libc_nano.a(lib_a-impure.o)
                              /home/twolfg/BLEEnvironmentDownloads/gcc-arm-none-eabi-7-2017-q4-major/bin/../lib/gcc/arm-none-eabi/7.2.1/../../../../arm-none-eabi/lib/thumb/v7e-m/fpv4-sp/hard/libc_nano.a(lib_a-exit.o) (_global_impure_ptr)
/home/twolfg/BLEEnvironmentDownloads/gcc-arm-none-eabi-7-2017-q4-major/bin/../lib/gcc/arm-none-eabi/7.2.1/../../../../arm-none-eabi/lib/thumb/v7e-m/fpv4-sp/hard/libc_nano.a(lib_a-init.o)
                              /home/twolfg/BLEEnvironmentDownloads/gcc-arm-none-eabi-7-2017-q4-major/bin/../lib/gcc/arm-none-eabi/7.2.1/../../../../arm-none-eabi/lib/thumb/v7e-m/fpv4-sp/hard/crt0.o (__libc_init_array)
/home/twolfg/BLEEnvironmentDownloads/gcc-arm-none-eabi-7-2017-q4-major/bin/../lib/gcc/arm-none-eabi/7.2.1/../../../../arm-none-eabi/lib/thumb/v7e-m/fpv4-sp/hard/libc_nano.a(lib_a-locale.o)
                              _build/nrf52832_xxaa/nrf_log_str_formatter.c.o (__locale_ctype_ptr)
/home/twolfg/BLEEnvironmentDownloads/gcc-arm-none-eabi-7-2017-q4-major/bin/../lib/gcc/arm-none-eabi/7.2.1/../../../../arm-none-eabi/lib/thumb/v7e-m/fpv4-sp/hard/libc_nano.a(lib_a-mbtowc_r.o)
                              /home/twolfg/BLEEnvironmentDownloads/gcc-arm-none-eabi-7-2017-q4-major/bin/../lib/gcc/arm-none-eabi/7.2.1/../../../../arm-none-eabi/lib/thumb/v7e-m/fpv4-sp/hard/libc_nano.a(lib_a-locale.o) (__ascii_mbtowc)
/home/twolfg/BLEEnvironmentDownloads/gcc-arm-none-eabi-7-2017-q4-major/bin/../lib/gcc/arm-none-eabi/7.2.1/../../../../arm-none-eabi/lib/thumb/v7e-m/fpv4-sp/hard/libc_nano.a(lib_a-memcmp.o)
                              _build/nrf52832_xxaa/ble_advdata.c.o (memcmp)
/home/twolfg/BLEEnvironmentDownloads/gcc-arm-none-eabi-7-2017-q4-major/bin/../lib/gcc/arm-none-eabi/7.2.1/../../../../arm-none-eabi/lib/thumb/v7e-m/fpv4-sp/hard/libc_nano.a(lib_a-memcpy-stub.o)
                              _build/nrf52832_xxaa/nrf_log_frontend.c.o (memcpy)
/home/twolfg/BLEEnvironmentDownloads/gcc-arm-none-eabi-7-2017-q4-major/bin/../lib/gcc/arm-none-eabi/7.2.1/../../../../arm-none-eabi/lib/thumb/v7e-m/fpv4-sp/hard/libc_nano.a(lib_a-memset.o)
                              /home/twolfg/BLEEnvironmentDownloads/gcc-arm-none-eabi-7-2017-q4-major/bin/../lib/gcc/arm-none-eabi/7.2.1/../../../../arm-none-eabi/lib/thumb/v7e-m/fpv4-sp/hard/crt0.o (memset)
/home/twolfg/BLEEnvironmentDownloads/gcc-arm-none-eabi-7-2017-q4-major/bin/../lib/gcc/arm-none-eabi/7.2.1/../../../../arm-none-eabi/lib/thumb/v7e-m/fpv4-sp/hard/libc_nano.a(lib_a-strcmp.o)
                              /home/twolfg/BLEEnvironmentDownloads/gcc-arm-none-eabi-7-2017-q4-major/bin/../lib/gcc/arm-none-eabi/7.2.1/../../../../arm-none-eabi/lib/thumb/v7e-m/fpv4-sp/hard/libc_nano.a(lib_a-locale.o) (strcmp)
/home/twolfg/BLEEnvironmentDownloads/gcc-arm-none-eabi-7-2017-q4-major/bin/../lib/gcc/arm-none-eabi/7.2.1/../../../../arm-none-eabi/lib/thumb/v7e-m/fpv4-sp/hard/libc_nano.a(lib_a-strcpy.o)
                              _build/nrf52832_xxaa/SEGGER_RTT.c.o (strcpy)
/home/twolfg/BLEEnvironmentDownloads/gcc-arm-none-eabi-7-2017-q4-major/bin/../lib/gcc/arm-none-eabi/7.2.1/../../../../arm-none-eabi/lib/thumb/v7e-m/fpv4-sp/hard/libc_nano.a(lib_a-strlen.o)
                              _build/nrf52832_xxaa/nrf_log_frontend.c.o (strlen)
/home/twolfg/BLEEnvironmentDownloads/gcc-arm-none-eabi-7-2017-q4-major/bin/../lib/gcc/arm-none-eabi/7.2.1/../../../../arm-none-eabi/lib/thumb/v7e-m/fpv4-sp/hard/libc_nano.a(lib_a-wctomb_r.o)
                              /home/twolfg/BLEEnvironmentDownloads/gcc-arm-none-eabi-7-2017-q4-major/bin/../lib/gcc/arm-none-eabi/7.2.1/../../../../arm-none-eabi/lib/thumb/v7e-m/fpv4-sp/hard/libc_nano.a(lib_a-locale.o) (__ascii_wctomb)
/home/twolfg/BLEEnvironmentDownloads/gcc-arm-none-eabi-7-2017-q4-major/bin/../lib/gcc/arm-none-eabi/7.2.1/../../../../arm-none-eabi/lib/thumb/v7e-m/fpv4-sp/hard/libc_nano.a(lib_a-ctype_.o)
                              /home/twolfg/BLEEnvironmentDownloads/gcc-arm-none-eabi-7-2017-q4-major/bin/../lib/gcc/arm-none-eabi/7.2.1/../../../../arm-none-eabi/lib/thumb/v7e-m/fpv4-sp/hard/libc_nano.a(lib_a-locale.o) (_ctype_)
/home/twolfg/BLEEnvironmentDownloads/gcc-arm-none-eabi-7-2017-q4-major/bin/../lib/gcc/arm-none-eabi/7.2.1/../../../../arm-none-eabi/lib/thumb/v7e-m/fpv4-sp/hard/libnosys.a(_exit.o)
[...]
Memory Configuration

Name             Origin             Length             Attributes
FLASH            0x0000000000026000 0x000000000005a000 xr
RAM              0x0000000020002a98 0x000000000000d568 xrw
*default*        0x0000000000000000 0xffffffffffffffff

Linker script and memory map


.text           0x0000000000026000     0x7a50
 *(.isr_vector)
 .isr_vector    0x0000000000026000      0x200 _build/nrf52832_xxaa/gcc_startup_nrf52.S.o
                0x0000000000026000                __isr_vector
 *(.text*)
 .text          0x0000000000026200       0x40 /home/twolfg/BLEEnvironmentDownloads/gcc-arm-none-eabi-7-2017-q4-major/bin/../lib/gcc/arm-none-eabi/7.2.1/thumb/v7e-m/fpv4-sp/hard/crtbegin.o
 .text          0x0000000000026240       0x74 /home/twolfg/BLEEnvironmentDownloads/gcc-arm-none-eabi-7-2017-q4-major/bin/../lib/gcc/arm-none-eabi/7.2.1/../../../../arm-none-eabi/lib/thumb/v7e-m/fpv4-sp/hard/crt0.o
                0x0000000000026240                _mainCRTStartup
                0x0000000000026240                _start
 .text          0x00000000000262b4       0x3c _build/nrf52832_xxaa/gcc_startup_nrf52.S.o
                0x00000000000262b4                Reset_Handler
                0x00000000000262dc                NMI_Handler
                0x00000000000262de                HardFault_Handler
                0x00000000000262e0                MemoryManagement_Handler
                0x00000000000262e2                BusFault_Handler
                0x00000000000262e4                UsageFault_Handler
                0x00000000000262e6                SVC_Handler
                0x00000000000262e8                DebugMon_Handler
                0x00000000000262ea                PendSV_Handler
                0x00000000000262ec                SysTick_Handler
                0x00000000000262ee                TIMER2_IRQHandler
                0x00000000000262ee                RTC0_IRQHandler
                0x00000000000262ee                PWM1_IRQHandler
                0x00000000000262ee                RADIO_IRQHandler
                0x00000000000262ee                PDM_IRQHandler
                0x00000000000262ee                TEMP_IRQHandler
                0x00000000000262ee                QDEC_IRQHandler
                0x00000000000262ee                TIMER3_IRQHandler
                0x00000000000262ee                FPU_IRQHandler
                0x00000000000262ee                SPIM0_SPIS0_TWIM0_TWIS0_SPI0_TWI0_IRQHandler
                0x00000000000262ee                TIMER4_IRQHandler
                0x00000000000262ee                I2S_IRQHandler
                0x00000000000262ee                SWI4_EGU4_IRQHandler
                0x00000000000262ee                TIMER0_IRQHandler
                0x00000000000262ee                TIMER1_IRQHandler
                0x00000000000262ee                PWM2_IRQHandler
                0x00000000000262ee                ECB_IRQHandler
                0x00000000000262ee                SPIM1_SPIS1_TWIM1_TWIS1_SPI1_TWI1_IRQHandler
                0x00000000000262ee                Default_Handler
                0x00000000000262ee                SAADC_IRQHandler
                0x00000000000262ee                CCM_AAR_IRQHandler
                0x00000000000262ee                WDT_IRQHandler
                0x00000000000262ee                SWI5_EGU5_IRQHandler
                0x00000000000262ee                RNG_IRQHandler
                0x00000000000262ee                RTC2_IRQHandler
                0x00000000000262ee                PWM0_IRQHandler
                0x00000000000262ee                SWI3_EGU3_IRQHandler
                0x00000000000262ee                SWI1_EGU1_IRQHandler
                0x00000000000262ee                SPIM2_SPIS2_SPI2_IRQHandler
                0x00000000000262ee                NFCT_IRQHandler
                0x00000000000262ee                MWU_IRQHandler
                0x00000000000262ee                COMP_LPCOMP_IRQHandler
 .text.nrf_log_backend_rtt_flush
                0x00000000000262f0        0x4 _build/nrf52832_xxaa/nrf_log_backend_rtt.c.o
 .text.nrf_log_backend_rtt_put
                0x00000000000262f4       0x20 _build/nrf52832_xxaa/nrf_log_backend_rtt.c.o
 .text.serial_tx
                0x0000000000026314       0x54 _build/nrf52832_xxaa/nrf_log_backend_rtt.c.o
 .text.nrf_log_backend_rtt_panic_set
                0x0000000000026368        0x4 _build/nrf52832_xxaa/nrf_log_backend_rtt.c.o
 .text.nrf_log_backend_rtt_init
                0x000000000002636c        0x4 _build/nrf52832_xxaa/nrf_log_backend_rtt.c.o
                0x000000000002636c                nrf_log_backend_rtt_init
 .text.nrf_log_backend_serial_put
                0x0000000000026370       0xd4 _build/nrf52832_xxaa/nrf_log_backend_serial.c.o
                0x0000000000026370                nrf_log_backend_serial_put
 .text.nrf_log_default_backends_init
                0x0000000000026444       0x1c _build/nrf52832_xxaa/nrf_log_default_backends.c.o
                0x0000000000026444                nrf_log_default_backends_init
 .text.log_skip
                0x0000000000026460       0xd0 _build/nrf52832_xxaa/nrf_log_frontend.c.o
 .text.nrf_log_init
                0x0000000000026530       0x50 _build/nrf52832_xxaa/nrf_log_frontend.c.o
                0x0000000000026530                nrf_log_init
 .text.nrf_log_module_name_get
                0x0000000000026580       0x5c _build/nrf52832_xxaa/nrf_log_frontend.c.o
                0x0000000000026580                nrf_log_module_name_get
 .text.nrf_log_color_id_get
                0x00000000000265dc       0x2c _build/nrf52832_xxaa/nrf_log_frontend.c.o
                0x00000000000265dc                nrf_log_color_id_get
 .text.nrf_log_frontend_std_0
                0x0000000000026608       0xf0 _build/nrf52832_xxaa/nrf_log_frontend.c.o
                0x0000000000026608                nrf_log_frontend_std_0
 .text.nrf_log_frontend_dequeue.part.6
                0x00000000000266f8      0x258 _build/nrf52832_xxaa/nrf_log_frontend.c.o
 .text.nrf_log_frontend_std_1
                0x0000000000026950      0x100 _build/nrf52832_xxaa/nrf_log_frontend.c.o
                0x0000000000026950                nrf_log_frontend_std_1
 .text.nrf_log_frontend_std_2
                0x0000000000026a50      0x104 _build/nrf52832_xxaa/nrf_log_frontend.c.o
                0x0000000000026a50                nrf_log_frontend_std_2
 .text.nrf_log_frontend_dequeue
                0x0000000000026b54       0x18 _build/nrf52832_xxaa/nrf_log_frontend.c.o
                0x0000000000026b54                nrf_log_frontend_dequeue
 .text.nrf_log_backend_add
                0x0000000000026b6c       0x5c _build/nrf52832_xxaa/nrf_log_frontend.c.o
                0x0000000000026b6c                nrf_log_backend_add
 .text.nrf_log_panic
                0x0000000000026bc8       0x28 _build/nrf52832_xxaa/nrf_log_frontend.c.o
                0x0000000000026bc8                nrf_log_panic
 .text.nrf_log_std_entry_process
                0x0000000000026bf0      0x14c _build/nrf52832_xxaa/nrf_log_str_formatter.c.o
                0x0000000000026bf0                nrf_log_std_entry_process
 .text.nrf_log_hexdump_entry_process
                0x0000000000026d3c      0x15c _build/nrf52832_xxaa/nrf_log_str_formatter.c.o
                0x0000000000026d3c                nrf_log_hexdump_entry_process
 .text.app_error_handler_bare
                0x0000000000026e98       0x20 _build/nrf52832_xxaa/app_error.c.o
                0x0000000000026e98                app_error_handler_bare
 .text.app_error_fault_handler
                0x0000000000026eb8       0x6c _build/nrf52832_xxaa/app_error_weak.c.o
                0x0000000000026eb8                app_error_fault_handler
 .text.app_fifo_init
                0x0000000000026f24       0x20 _build/nrf52832_xxaa/app_fifo.c.o
                0x0000000000026f24                app_fifo_init
 .text.app_fifo_put
                0x0000000000026f44       0x30 _build/nrf52832_xxaa/app_fifo.c.o
                0x0000000000026f44                app_fifo_put
 .text.app_fifo_get
                0x0000000000026f74       0x2c _build/nrf52832_xxaa/app_fifo.c.o
                0x0000000000026f74                app_fifo_get
 .text.RTC1_IRQHandler
                0x0000000000026fa0       0xa0 _build/nrf52832_xxaa/app_timer.c.o
                0x0000000000026fa0                RTC1_IRQHandler
 .text.SWI0_EGU0_IRQHandler
                0x0000000000027040      0x394 _build/nrf52832_xxaa/app_timer.c.o
                0x0000000000027040                SWI0_EGU0_IRQHandler
 .text.app_timer_init
                0x00000000000273d4       0xa8 _build/nrf52832_xxaa/app_timer.c.o
                0x00000000000273d4                app_timer_init
 .text.app_timer_create
                0x000000000002747c       0x24 _build/nrf52832_xxaa/app_timer.c.o
                0x000000000002747c                app_timer_create
 .text.app_timer_start
                0x00000000000274a0       0xac _build/nrf52832_xxaa/app_timer.c.o
                0x00000000000274a0                app_timer_start
 .text.app_timer_stop
                0x000000000002754c       0x74 _build/nrf52832_xxaa/app_timer.c.o
                0x000000000002754c                app_timer_stop
 .text.uart_event_handler
                0x00000000000275c0      0x114 _build/nrf52832_xxaa/app_uart_fifo.c.o
 .text.app_uart_init
                0x00000000000276d4       0xf4 _build/nrf52832_xxaa/app_uart_fifo.c.o
                0x00000000000276d4                app_uart_init
 .text.app_uart_get
                0x00000000000277c8       0x5c _build/nrf52832_xxaa/app_uart_fifo.c.o
                0x00000000000277c8                app_uart_get
 .text.app_uart_put
                0x0000000000027824       0x74 _build/nrf52832_xxaa/app_uart_fifo.c.o
                0x0000000000027824                app_uart_put
 .text.app_util_critical_region_enter
                0x0000000000027898       0x4c _build/nrf52832_xxaa/app_util_platform.c.o
                0x0000000000027898                app_util_critical_region_enter
 .text.app_util_critical_region_exit
                0x00000000000278e4       0x30 _build/nrf52832_xxaa/app_util_platform.c.o
                0x00000000000278e4                app_util_critical_region_exit
 .text.nrf_atfifo_item_get
                0x0000000000027914       0x5c _build/nrf52832_xxaa/nrf_atfifo.c.o
                0x0000000000027914                nrf_atfifo_item_get
 .text.nrf_atfifo_item_free
                0x0000000000027970       0x20 _build/nrf52832_xxaa/nrf_atfifo.c.o
                0x0000000000027970                nrf_atfifo_item_free
 .text.nrf_atflags_set
                0x0000000000027990       0x14 _build/nrf52832_xxaa/nrf_atflags.c.o
                0x0000000000027990                nrf_atflags_set
 .text.nrf_atflags_clear
                0x00000000000279a4       0x14 _build/nrf52832_xxaa/nrf_atflags.c.o
                0x00000000000279a4                nrf_atflags_clear
 .text.nrf_atflags_get
                0x00000000000279b8       0x14 _build/nrf52832_xxaa/nrf_atflags.c.o
                0x00000000000279b8                nrf_atflags_get
 .text.nrf_atomic_u32_fetch_store
                0x00000000000279cc       0x14 _build/nrf52832_xxaa/nrf_atomic.c.o
                0x00000000000279cc                nrf_atomic_u32_fetch_store
 .text.nrf_atomic_u32_or
                0x00000000000279e0       0x18 _build/nrf52832_xxaa/nrf_atomic.c.o
                0x00000000000279e0                nrf_atomic_u32_or
 .text.nrf_atomic_u32_and
                0x00000000000279f8       0x18 _build/nrf52832_xxaa/nrf_atomic.c.o
                0x00000000000279f8                nrf_atomic_u32_and
 .text.nrf_atomic_u32_add
                0x0000000000027a10       0x18 _build/nrf52832_xxaa/nrf_atomic.c.o
                0x0000000000027a10                nrf_atomic_u32_add
 .text.nrf_atomic_u32_sub
                0x0000000000027a28       0x18 _build/nrf52832_xxaa/nrf_atomic.c.o
                0x0000000000027a28                nrf_atomic_u32_sub
 .text.nrf_atomic_flag_set
                0x0000000000027a40       0x18 _build/nrf52832_xxaa/nrf_atomic.c.o
                0x0000000000027a40                nrf_atomic_flag_set
 .text.nrf_atomic_flag_clear_fetch
                0x0000000000027a58       0x18 _build/nrf52832_xxaa/nrf_atomic.c.o
                0x0000000000027a58                nrf_atomic_flag_clear_fetch
 .text.nrf_balloc_init
                0x0000000000027a70       0x38 _build/nrf52832_xxaa/nrf_balloc.c.o
                0x0000000000027a70                nrf_balloc_init
 .text.nrf_balloc_alloc
                0x0000000000027aa8       0x50 _build/nrf52832_xxaa/nrf_balloc.c.o
                0x0000000000027aa8                nrf_balloc_alloc
 .text.nrf_balloc_free
                0x0000000000027af8       0x38 _build/nrf52832_xxaa/nrf_balloc.c.o
                0x0000000000027af8                nrf_balloc_free
 .text.nrf_fprintf_buffer_flush
                0x0000000000027b30       0x18 _build/nrf52832_xxaa/nrf_fprintf.c.o
                0x0000000000027b30                nrf_fprintf_buffer_flush
 .text.nrf_fprintf
                0x0000000000027b48       0x20 _build/nrf52832_xxaa/nrf_fprintf.c.o
                0x0000000000027b48                nrf_fprintf
 .text.unsigned_print
                0x0000000000027b68      0x10c _build/nrf52832_xxaa/nrf_fprintf_format.c.o
 .text.nrf_fprintf_fmt
                0x0000000000027c74      0x5bc _build/nrf52832_xxaa/nrf_fprintf_format.c.o
                0x0000000000027c74                nrf_fprintf_fmt
 .text.nrf_fstorage_is_busy
                0x0000000000028230       0x50 _build/nrf52832_xxaa/nrf_fstorage.c.o
                0x0000000000028230                nrf_fstorage_is_busy
 .text.sd_flash_write
                0x0000000000028280        0x4 _build/nrf52832_xxaa/nrf_fstorage_sd.c.o
 .text.sd_flash_page_erase
                0x0000000000028284        0x4 _build/nrf52832_xxaa/nrf_fstorage_sd.c.o
 .text.nrf_fstorage_sdh_req_handler
                0x0000000000028288       0x14 _build/nrf52832_xxaa/nrf_fstorage_sd.c.o
                0x0000000000028288                nrf_fstorage_sdh_req_handler
 .text.queue_process
                0x000000000002829c      0x18c _build/nrf52832_xxaa/nrf_fstorage_sd.c.o
 .text.nrf_fstorage_sdh_state_handler
                0x0000000000028428      0x1a0 _build/nrf52832_xxaa/nrf_fstorage_sd.c.o
                0x0000000000028428                nrf_fstorage_sdh_state_handler
 .text.nrf_fstorage_sys_evt_handler
                0x00000000000285c8      0x254 _build/nrf52832_xxaa/nrf_fstorage_sd.c.o
                0x00000000000285c8                nrf_fstorage_sys_evt_handler
 .text.nrf_memobj_pool_init
                0x000000000002881c        0x4 _build/nrf52832_xxaa/nrf_memobj.c.o
                0x000000000002881c                nrf_memobj_pool_init
 .text.nrf_memobj_alloc
                0x0000000000028820       0x84 _build/nrf52832_xxaa/nrf_memobj.c.o
                0x0000000000028820                nrf_memobj_alloc
 .text.nrf_memobj_get
                0x00000000000288a4        0x8 _build/nrf52832_xxaa/nrf_memobj.c.o
                0x00000000000288a4                nrf_memobj_get
 .text.nrf_memobj_put
                0x00000000000288ac       0x44 _build/nrf52832_xxaa/nrf_memobj.c.o
                0x00000000000288ac                nrf_memobj_put
 .text.nrf_memobj_write
                0x00000000000288f0       0x5c _build/nrf52832_xxaa/nrf_memobj.c.o
                0x00000000000288f0                nrf_memobj_write
 .text.nrf_memobj_read
                0x000000000002894c       0x5c _build/nrf52832_xxaa/nrf_memobj.c.o
                0x000000000002894c                nrf_memobj_read
 .text.sd_app_evt_wait
                0x00000000000289a8        0x4 _build/nrf52832_xxaa/nrf_pwr_mgmt.c.o
 .text.nrf_pwr_mgmt_init
                0x00000000000289ac       0x2c _build/nrf52832_xxaa/nrf_pwr_mgmt.c.o
                0x00000000000289ac                nrf_pwr_mgmt_init
 .text.nrf_pwr_mgmt_run
                0x00000000000289d8       0x50 _build/nrf52832_xxaa/nrf_pwr_mgmt.c.o
                0x00000000000289d8                nrf_pwr_mgmt_run
 .text.nrf_section_iter_init
                0x0000000000028a28       0x14 _build/nrf52832_xxaa/nrf_section_iter.c.o
                0x0000000000028a28                nrf_section_iter_init
 .text.nrf_section_iter_next
                0x0000000000028a3c       0x18 _build/nrf52832_xxaa/nrf_section_iter.c.o
                0x0000000000028a3c                nrf_section_iter_next
 .text.nrf_strerror_get
                0x0000000000028a54       0x6c _build/nrf52832_xxaa/nrf_strerror.c.o
                0x0000000000028a54                nrf_strerror_get
 .text.SystemInit
                0x0000000000028ac0      0x3c0 _build/nrf52832_xxaa/system_nrf52.c.o
                0x0000000000028ac0                SystemInit
 .text.bsp_board_led_state_get
                0x0000000000028e80       0x14 _build/nrf52832_xxaa/boards.c.o
                0x0000000000028e80                bsp_board_led_state_get
 .text.bsp_board_led_on
                0x0000000000028e94       0x10 _build/nrf52832_xxaa/boards.c.o
                0x0000000000028e94                bsp_board_led_on
 .text.bsp_board_led_off
                0x0000000000028ea4       0x10 _build/nrf52832_xxaa/boards.c.o
                0x0000000000028ea4                bsp_board_led_off
 .text.bsp_board_leds_off
                0x0000000000028eb4       0x10 _build/nrf52832_xxaa/boards.c.o
                0x0000000000028eb4                bsp_board_leds_off
 .text.bsp_board_leds_on
                0x0000000000028ec4       0x10 _build/nrf52832_xxaa/boards.c.o
                0x0000000000028ec4                bsp_board_leds_on
 .text.bsp_board_led_invert
                0x0000000000028ed4       0x1c _build/nrf52832_xxaa/boards.c.o
                0x0000000000028ed4                bsp_board_led_invert
 .text.bsp_board_button_idx_to_pin
                0x0000000000028ef0        0xc _build/nrf52832_xxaa/boards.c.o
                0x0000000000028ef0                bsp_board_button_idx_to_pin
 .text.bsp_board_init
                0x0000000000028efc       0x34 _build/nrf52832_xxaa/boards.c.o
                0x0000000000028efc                bsp_board_init
 .text.clock_irq_handler
                0x0000000000028f30       0x44 _build/nrf52832_xxaa/nrf_drv_clock.c.o
 .text.soc_evt_handler
                0x0000000000028f74       0x28 _build/nrf52832_xxaa/nrf_drv_clock.c.o
 .text.sd_state_evt_handler
                0x0000000000028f9c       0xa0 _build/nrf52832_xxaa/nrf_drv_clock.c.o
 .text.uarte_evt_handler
                0x000000000002903c       0x34 _build/nrf52832_xxaa/nrf_drv_uart.c.o
 .text.uart_evt_handler
                0x0000000000029070       0x34 _build/nrf52832_xxaa/nrf_drv_uart.c.o
 .text.nrf_drv_uart_init
                0x00000000000290a4       0x80 _build/nrf52832_xxaa/nrf_drv_uart.c.o
                0x00000000000290a4                nrf_drv_uart_init
 .text.nrfx_clock_init
                0x0000000000029124       0x1c _build/nrf52832_xxaa/nrfx_clock.c.o
                0x0000000000029124                nrfx_clock_init
 .text.nrfx_clock_enable
                0x0000000000029140       0x28 _build/nrf52832_xxaa/nrfx_clock.c.o
                0x0000000000029140                nrfx_clock_enable
 .text.nrfx_clock_lfclk_stop
                0x0000000000029168       0x18 _build/nrf52832_xxaa/nrfx_clock.c.o
                0x0000000000029168                nrfx_clock_lfclk_stop
 .text.POWER_CLOCK_IRQHandler
                0x0000000000029180       0x64 _build/nrf52832_xxaa/nrfx_clock.c.o
                0x0000000000029180                POWER_CLOCK_IRQHandler
 .text.GPIOTE_IRQHandler
                0x00000000000291e4      0x548 _build/nrf52832_xxaa/nrfx_gpiote.c.o
                0x00000000000291e4                GPIOTE_IRQHandler
 .text.UARTE0_UART0_IRQHandler
                0x000000000002972c        0xc _build/nrf52832_xxaa/nrfx_prs.c.o
                0x000000000002972c                UARTE0_UART0_IRQHandler
 .text.nrfx_prs_acquire
                0x0000000000029738       0x4c _build/nrf52832_xxaa/nrfx_prs.c.o
                0x0000000000029738                nrfx_prs_acquire
 .text.nrfx_uart_0_irq_handler
                0x0000000000029784      0x1bc _build/nrf52832_xxaa/nrfx_uart.c.o
                0x0000000000029784                nrfx_uart_0_irq_handler
 .text.nrfx_uart_init
                0x0000000000029940      0x1a4 _build/nrf52832_xxaa/nrfx_uart.c.o
                0x0000000000029940                nrfx_uart_init
 .text.nrfx_uart_tx
                0x0000000000029ae4       0xcc _build/nrf52832_xxaa/nrfx_uart.c.o
                0x0000000000029ae4                nrfx_uart_tx
 .text.nrfx_uart_tx_in_progress
                0x0000000000029bb0       0x18 _build/nrf52832_xxaa/nrfx_uart.c.o
                0x0000000000029bb0                nrfx_uart_tx_in_progress
 .text.nrfx_uart_rx
                0x0000000000029bc8      0x14c _build/nrf52832_xxaa/nrfx_uart.c.o
                0x0000000000029bc8                nrfx_uart_rx
 .text.nrfx_uarte_0_irq_handler
                0x0000000000029d14      0x128 _build/nrf52832_xxaa/nrfx_uarte.c.o
                0x0000000000029d14                nrfx_uarte_0_irq_handler
 .text.nrfx_uarte_init
                0x0000000000029e3c      0x1c4 _build/nrf52832_xxaa/nrfx_uarte.c.o
                0x0000000000029e3c                nrfx_uarte_init
 .text.nrfx_uarte_tx
                0x000000000002a000       0xa0 _build/nrf52832_xxaa/nrfx_uarte.c.o
                0x000000000002a000                nrfx_uarte_tx
 .text.nrfx_uarte_tx_in_progress
                0x000000000002a0a0       0x1c _build/nrf52832_xxaa/nrfx_uarte.c.o
                0x000000000002a0a0                nrfx_uarte_tx_in_progress
 .text.nrfx_uarte_rx
                0x000000000002a0bc      0x12c _build/nrf52832_xxaa/nrfx_uarte.c.o
                0x000000000002a0bc                nrfx_uarte_rx
 .text.bsp_indication_set
                0x000000000002a1e8      0x2e0 _build/nrf52832_xxaa/bsp.c.o
                0x000000000002a1e8                bsp_indication_set
 .text.bsp_event_to_button_action_assign
                0x000000000002a4c8       0x50 _build/nrf52832_xxaa/bsp.c.o
                0x000000000002a4c8                bsp_event_to_button_action_assign
 .text.bsp_wakeup_button_enable
                0x000000000002a518       0x30 _build/nrf52832_xxaa/bsp.c.o
                0x000000000002a518                bsp_wakeup_button_enable
 .text.ble_evt_handler
                0x000000000002a548       0xac _build/nrf52832_xxaa/bsp_btn_ble.c.o
 .text.bsp_btn_ble_sleep_mode_prepare
                0x000000000002a5f4       0x24 _build/nrf52832_xxaa/bsp_btn_ble.c.o
                0x000000000002a5f4                bsp_btn_ble_sleep_mode_prepare
 .text.sd_ble_gatts_service_add
                0x000000000002a618        0x4 _build/nrf52832_xxaa/ble_egs.c.o
 .text.sd_ble_gatts_characteristic_add
                0x000000000002a61c        0x4 _build/nrf52832_xxaa/ble_egs.c.o
 .text.sd_ble_gatts_value_set
                0x000000000002a620        0x4 _build/nrf52832_xxaa/ble_egs.c.o
 .text.sd_ble_gatts_hvx
                0x000000000002a624        0x4 _build/nrf52832_xxaa/ble_egs.c.o
 .text.sd_ble_uuid_vs_add
                0x000000000002a628        0x4 _build/nrf52832_xxaa/ble_egs.c.o
 .text.hitstatus_value_char_add
                0x000000000002a62c       0xb4 _build/nrf52832_xxaa/ble_egs.c.o
                0x000000000002a62c                hitstatus_value_char_add
 .text.hittime_value_char_add
                0x000000000002a6e0       0xb8 _build/nrf52832_xxaa/ble_egs.c.o
                0x000000000002a6e0                hittime_value_char_add
 .text.ble_egs_init
                0x000000000002a798       0x64 _build/nrf52832_xxaa/ble_egs.c.o
                0x000000000002a798                ble_egs_init
 .text.ble_egs_hitstatus_value_update
                0x000000000002a7fc       0x6c _build/nrf52832_xxaa/ble_egs.c.o
                0x000000000002a7fc                ble_egs_hitstatus_value_update
 .text.ble_egs_hittime_value_update
                0x000000000002a868       0x6c _build/nrf52832_xxaa/ble_egs.c.o
                0x000000000002a868                ble_egs_hittime_value_update
 .text.ble_egs_on_ble_evt
                0x000000000002a8d4       0x34 _build/nrf52832_xxaa/ble_egs.c.o
                0x000000000002a8d4                ble_egs_on_ble_evt
 .text.sd_ble_gap_disconnect
                0x000000000002a908        0x4 _build/nrf52832_xxaa/main.c.o
 .text.sd_ble_gap_ppcp_set
                0x000000000002a90c        0x4 _build/nrf52832_xxaa/main.c.o
 .text.sd_ble_gap_device_name_set
                0x000000000002a910        0x4 _build/nrf52832_xxaa/main.c.o
 .text.sd_ble_gap_sec_params_reply
                0x000000000002a914        0x4 _build/nrf52832_xxaa/main.c.o
 .text.sd_ble_gap_phy_update
                0x000000000002a918        0x4 _build/nrf52832_xxaa/main.c.o
 .text.sd_ble_gatts_sys_attr_set
                0x000000000002a91c        0x4 _build/nrf52832_xxaa/main.c.o
 .text.sd_power_system_off
                0x000000000002a920        0x4 _build/nrf52832_xxaa/main.c.o
 .text.on_egs_evt
                0x000000000002a924        0x4 _build/nrf52832_xxaa/main.c.o
 .text.nrf_qwr_error_handler
                0x000000000002a928        0x4 _build/nrf52832_xxaa/main.c.o
 .text.ble_evt_handler
                0x000000000002a92c       0xd4 _build/nrf52832_xxaa/main.c.o
 .text.on_conn_params_evt
                0x000000000002aa00       0x24 _build/nrf52832_xxaa/main.c.o
 .text.gatt_evt_handler
                0x000000000002aa24       0x3c _build/nrf52832_xxaa/main.c.o
                0x000000000002aa24                gatt_evt_handler
 .text.conn_params_error_handler
                0x000000000002aa60        0x4 _build/nrf52832_xxaa/main.c.o
 .text.on_adv_evt
                0x000000000002aa64       0x40 _build/nrf52832_xxaa/main.c.o
 .text.uart_event_handle
                0x000000000002aaa4       0xc8 _build/nrf52832_xxaa/main.c.o
                0x000000000002aaa4                uart_event_handle
 .text.gatt_init
                0x000000000002ab6c       0x30 _build/nrf52832_xxaa/main.c.o
                0x000000000002ab6c                gatt_init
 .text.startup.main
                0x000000000002ab9c      0x234 _build/nrf52832_xxaa/main.c.o
                0x000000000002ab9c                main
 .text.SEGGER_RTT_WriteNoLock
                0x000000000002add0      0x168 _build/nrf52832_xxaa/SEGGER_RTT.c.o
                0x000000000002add0                SEGGER_RTT_WriteNoLock
 .text.SEGGER_RTT_Init
                0x000000000002af38       0x60 _build/nrf52832_xxaa/SEGGER_RTT.c.o
                0x000000000002af38                SEGGER_RTT_Init
 .text.sd_ble_gap_addr_get
                0x000000000002af98        0x4 _build/nrf52832_xxaa/ble_advdata.c.o
 .text.sd_ble_gap_appearance_get
                0x000000000002af9c        0x4 _build/nrf52832_xxaa/ble_advdata.c.o
 .text.sd_ble_gap_device_name_get
                0x000000000002afa0        0x4 _build/nrf52832_xxaa/ble_advdata.c.o
 .text.sd_ble_uuid_encode
                0x000000000002afa4        0x4 _build/nrf52832_xxaa/ble_advdata.c.o
 .text.uuid_list_sized_encode
                0x000000000002afa8       0xb4 _build/nrf52832_xxaa/ble_advdata.c.o
 .text.ble_advdata_encode
                0x000000000002b05c      0x3f8 _build/nrf52832_xxaa/ble_advdata.c.o
                0x000000000002b05c                ble_advdata_encode
 .text.ble_advdata_parse
                0x000000000002b454       0x4c _build/nrf52832_xxaa/ble_advdata.c.o
                0x000000000002b454                ble_advdata_parse
 .text.sd_ble_gap_adv_set_configure
                0x000000000002b4a0        0x4 _build/nrf52832_xxaa/ble_advertising.c.o
 .text.sd_ble_gap_adv_start
                0x000000000002b4a4        0x4 _build/nrf52832_xxaa/ble_advertising.c.o
 .text.ble_advertising_start.part.3
                0x000000000002b4a8      0x2d0 _build/nrf52832_xxaa/ble_advertising.c.o
 .text.ble_advertising_conn_cfg_tag_set
                0x000000000002b778        0x8 _build/nrf52832_xxaa/ble_advertising.c.o
                0x000000000002b778                ble_advertising_conn_cfg_tag_set
 .text.ble_advertising_init
                0x000000000002b780       0xec _build/nrf52832_xxaa/ble_advertising.c.o
                0x000000000002b780                ble_advertising_init
 .text.ble_advertising_start
                0x000000000002b86c      0x2d8 _build/nrf52832_xxaa/ble_advertising.c.o
                0x000000000002b86c                ble_advertising_start
 .text.ble_advertising_on_ble_evt
                0x000000000002bb44       0x98 _build/nrf52832_xxaa/ble_advertising.c.o
                0x000000000002bb44                ble_advertising_on_ble_evt
 .text.ble_advertising_on_sys_evt
                0x000000000002bbdc       0x44 _build/nrf52832_xxaa/ble_advertising.c.o
                0x000000000002bbdc                ble_advertising_on_sys_evt
 .text.sd_ble_gap_conn_param_update
                0x000000000002bc20        0x4 _build/nrf52832_xxaa/ble_conn_params.c.o
 .text.sd_ble_gap_disconnect
                0x000000000002bc24        0x4 _build/nrf52832_xxaa/ble_conn_params.c.o
 .text.sd_ble_gap_ppcp_set
                0x000000000002bc28        0x4 _build/nrf52832_xxaa/ble_conn_params.c.o
 .text.sd_ble_gap_ppcp_get
                0x000000000002bc2c        0x4 _build/nrf52832_xxaa/ble_conn_params.c.o
 .text.update_timeout_handler
                0x000000000002bc30       0x80 _build/nrf52832_xxaa/ble_conn_params.c.o
 .text.ble_evt_handler
                0x000000000002bcb0      0x1d4 _build/nrf52832_xxaa/ble_conn_params.c.o
 .text.ble_conn_params_init
                0x000000000002be84       0x7c _build/nrf52832_xxaa/ble_conn_params.c.o
                0x000000000002be84                ble_conn_params_init
 .text.ble_evt_handler
                0x000000000002bf00      0x124 _build/nrf52832_xxaa/ble_conn_state.c.o
 .text.ble_srv_is_notification_enabled
                0x000000000002c024        0x8 _build/nrf52832_xxaa/ble_srv_common.c.o
                0x000000000002c024                ble_srv_is_notification_enabled
 .text.sd_ble_gap_data_length_update
                0x000000000002c02c        0x4 _build/nrf52832_xxaa/nrf_ble_gatt.c.o
 .text.sd_ble_gattc_exchange_mtu_request
                0x000000000002c030        0x4 _build/nrf52832_xxaa/nrf_ble_gatt.c.o
 .text.sd_ble_gatts_exchange_mtu_reply
                0x000000000002c034        0x4 _build/nrf52832_xxaa/nrf_ble_gatt.c.o
 .text.data_length_update.constprop.6
                0x000000000002c038       0x8c _build/nrf52832_xxaa/nrf_ble_gatt.c.o
 .text.nrf_ble_gatt_init
                0x000000000002c0c4       0x30 _build/nrf52832_xxaa/nrf_ble_gatt.c.o
                0x000000000002c0c4                nrf_ble_gatt_init
 .text.nrf_ble_gatt_att_mtu_periph_set
                0x000000000002c0f4       0x18 _build/nrf52832_xxaa/nrf_ble_gatt.c.o
                0x000000000002c0f4                nrf_ble_gatt_att_mtu_periph_set
 .text.nrf_ble_gatt_on_ble_evt
                0x000000000002c10c      0x1ac _build/nrf52832_xxaa/nrf_ble_gatt.c.o
                0x000000000002c10c                nrf_ble_gatt_on_ble_evt
 .text.sd_ble_gatts_rw_authorize_reply
                0x000000000002c2b8        0x4 _build/nrf52832_xxaa/nrf_ble_qwr.c.o
 .text.sd_ble_user_mem_reply
                0x000000000002c2bc        0x4 _build/nrf52832_xxaa/nrf_ble_qwr.c.o
 .text.nrf_ble_qwr_init
                0x000000000002c2c0       0x24 _build/nrf52832_xxaa/nrf_ble_qwr.c.o
                0x000000000002c2c0                nrf_ble_qwr_init
 .text.nrf_ble_qwr_conn_handle_assign
                0x000000000002c2e4       0x18 _build/nrf52832_xxaa/nrf_ble_qwr.c.o
                0x000000000002c2e4                nrf_ble_qwr_conn_handle_assign
 .text.nrf_ble_qwr_on_ble_evt
                0x000000000002c2fc       0xf8 _build/nrf52832_xxaa/nrf_ble_qwr.c.o
                0x000000000002c2fc                nrf_ble_qwr_on_ble_evt
 .text.sd_softdevice_enable
                0x000000000002c3f4        0x4 _build/nrf52832_xxaa/nrf_sdh.c.o
 .text.sd_softdevice_disable
                0x000000000002c3f8        0x4 _build/nrf52832_xxaa/nrf_sdh.c.o
 .text.nrf_sdh_enable_request
                0x000000000002c3fc      0x120 _build/nrf52832_xxaa/nrf_sdh.c.o
                0x000000000002c3fc                nrf_sdh_enable_request
 .text.nrf_sdh_disable_request
                0x000000000002c51c       0xe0 _build/nrf52832_xxaa/nrf_sdh.c.o
                0x000000000002c51c                nrf_sdh_disable_request
 .text.nrf_sdh_request_continue
                0x000000000002c5fc       0x20 _build/nrf52832_xxaa/nrf_sdh.c.o
                0x000000000002c5fc                nrf_sdh_request_continue
 .text.nrf_sdh_is_enabled
                0x000000000002c61c        0xc _build/nrf52832_xxaa/nrf_sdh.c.o
                0x000000000002c61c                nrf_sdh_is_enabled
 .text.SWI2_EGU2_IRQHandler
                0x000000000002c628       0x2c _build/nrf52832_xxaa/nrf_sdh.c.o
                0x000000000002c628                SWI2_EGU2_IRQHandler
 .text.sd_ble_enable
                0x000000000002c654        0x4 _build/nrf52832_xxaa/nrf_sdh_ble.c.o
 .text.sd_ble_cfg_set
                0x000000000002c658        0x4 _build/nrf52832_xxaa/nrf_sdh_ble.c.o
 .text.sd_ble_evt_get
                0x000000000002c65c        0x4 _build/nrf52832_xxaa/nrf_sdh_ble.c.o
 .text.nrf_sdh_ble_evts_poll.part.1
                0x000000000002c660       0x54 _build/nrf52832_xxaa/nrf_sdh_ble.c.o
 .text.nrf_sdh_ble_evts_poll
                0x000000000002c6b4       0x10 _build/nrf52832_xxaa/nrf_sdh_ble.c.o
 .text.nrf_sdh_ble_default_cfg_set
                0x000000000002c6c4      0x1ac _build/nrf52832_xxaa/nrf_sdh_ble.c.o
                0x000000000002c6c4                nrf_sdh_ble_default_cfg_set
 .text.nrf_sdh_ble_enable
                0x000000000002c870       0x9c _build/nrf52832_xxaa/nrf_sdh_ble.c.o
                0x000000000002c870                nrf_sdh_ble_enable
 .text.sd_evt_get
                0x000000000002c90c        0x4 _build/nrf52832_xxaa/nrf_sdh_soc.c.o
 .text.nrf_sdh_soc_evts_poll
                0x000000000002c910       0x4c _build/nrf52832_xxaa/nrf_sdh_soc.c.o
 .text.exit     0x000000000002c95c       0x28 /home/twolfg/BLEEnvironmentDownloads/gcc-arm-none-eabi-7-2017-q4-major/bin/../lib/gcc/arm-none-eabi/7.2.1/../../../../arm-none-eabi/lib/thumb/v7e-m/fpv4-sp/hard/libc_nano.a(lib_a-exit.o)
                0x000000000002c95c                exit
 .text.__libc_init_array
                0x000000000002c984       0x48 /home/twolfg/BLEEnvironmentDownloads/gcc-arm-none-eabi-7-2017-q4-major/bin/../lib/gcc/arm-none-eabi/7.2.1/../../../../arm-none-eabi/lib/thumb/v7e-m/fpv4-sp/hard/libc_nano.a(lib_a-init.o)
                0x000000000002c984                __libc_init_array
 .text.__locale_ctype_ptr
                0x000000000002c9cc       0x1c /home/twolfg/BLEEnvironmentDownloads/gcc-arm-none-eabi-7-2017-q4-major/bin/../lib/gcc/arm-none-eabi/7.2.1/../../../../arm-none-eabi/lib/thumb/v7e-m/fpv4-sp/hard/libc_nano.a(lib_a-locale.o)
                0x000000000002c9cc                __locale_ctype_ptr
 .text.__ascii_mbtowc
                0x000000000002c9e8       0x24 /home/twolfg/BLEEnvironmentDownloads/gcc-arm-none-eabi-7-2017-q4-major/bin/../lib/gcc/arm-none-eabi/7.2.1/../../../../arm-none-eabi/lib/thumb/v7e-m/fpv4-sp/hard/libc_nano.a(lib_a-mbtowc_r.o)
                0x000000000002c9e8                __ascii_mbtowc
 .text.memcpy   0x000000000002ca0c       0x16 /home/twolfg/BLEEnvironmentDownloads/gcc-arm-none-eabi-7-2017-q4-major/bin/../lib/gcc/arm-none-eabi/7.2.1/../../../../arm-none-eabi/lib/thumb/v7e-m/fpv4-sp/hard/libc_nano.a(lib_a-memcpy-stub.o)
                0x000000000002ca0c                memcpy
 .text.memset   0x000000000002ca22       0x10 /home/twolfg/BLEEnvironmentDownloads/gcc-arm-none-eabi-7-2017-q4-major/bin/../lib/gcc/arm-none-eabi/7.2.1/../../../../arm-none-eabi/lib/thumb/v7e-m/fpv4-sp/hard/libc_nano.a(lib_a-memset.o)
                0x000000000002ca22                memset
 .text.strcpy   0x000000000002ca32       0x10 /home/twolfg/BLEEnvironmentDownloads/gcc-arm-none-eabi-7-2017-q4-major/bin/../lib/gcc/arm-none-eabi/7.2.1/../../../../arm-none-eabi/lib/thumb/v7e-m/fpv4-sp/hard/libc_nano.a(lib_a-strcpy.o)
                0x000000000002ca32                strcpy
 .text          0x000000000002ca42       0x10 /home/twolfg/BLEEnvironmentDownloads/gcc-arm-none-eabi-7-2017-q4-major/bin/../lib/gcc/arm-none-eabi/7.2.1/../../../../arm-none-eabi/lib/thumb/v7e-m/fpv4-sp/hard/libc_nano.a(lib_a-strlen.o)
                0x000000000002ca42                strlen
 .text.__ascii_wctomb
                0x000000000002ca52       0x1a /home/twolfg/BLEEnvironmentDownloads/gcc-arm-none-eabi-7-2017-q4-major/bin/../lib/gcc/arm-none-eabi/7.2.1/../../../../arm-none-eabi/lib/thumb/v7e-m/fpv4-sp/hard/libc_nano.a(lib_a-wctomb_r.o)
                0x000000000002ca52                __ascii_wctomb
 .text._exit    0x000000000002ca6c        0x4 /home/twolfg/BLEEnvironmentDownloads/gcc-arm-none-eabi-7-2017-q4-major/bin/../lib/gcc/arm-none-eabi/7.2.1/../../../../arm-none-eabi/lib/thumb/v7e-m/fpv4-sp/hard/libnosys.a(_exit.o)
                0x000000000002ca6c                _exit
 .text          0x000000000002ca70       0x30 /home/twolfg/BLEEnvironmentDownloads/gcc-arm-none-eabi-7-2017-q4-major/bin/../lib/gcc/arm-none-eabi/7.2.1/thumb/v7e-m/fpv4-sp/hard/libgcc.a(_aeabi_uldivmod.o)
                0x000000000002ca70                __aeabi_uldivmod
 .text          0x000000000002caa0      0x2cc /home/twolfg/BLEEnvironmentDownloads/gcc-arm-none-eabi-7-2017-q4-major/bin/../lib/gcc/arm-none-eabi/7.2.1/thumb/v7e-m/fpv4-sp/hard/libgcc.a(_udivmoddi4.o)
                0x000000000002caa0                __udivmoddi4
 .text          0x000000000002cd6c        0x4 /home/twolfg/BLEEnvironmentDownloads/gcc-arm-none-eabi-7-2017-q4-major/bin/../lib/gcc/arm-none-eabi/7.2.1/thumb/v7e-m/fpv4-sp/hard/libgcc.a(_dvmd_tls.o)
                0x000000000002cd6c                __aeabi_ldiv0
                0x000000000002cd6c                __aeabi_idiv0
 *(.init)
 .init          0x000000000002cd70        0x4 /home/twolfg/BLEEnvironmentDownloads/gcc-arm-none-eabi-7-2017-q4-major/bin/../lib/gcc/arm-none-eabi/7.2.1/thumb/v7e-m/fpv4-sp/hard/crti.o
                0x000000000002cd70                _init
 .init          0x000000000002cd74        0x8 /home/twolfg/BLEEnvironmentDownloads/gcc-arm-none-eabi-7-2017-q4-major/bin/../lib/gcc/arm-none-eabi/7.2.1/thumb/v7e-m/fpv4-sp/hard/crtn.o
 *(.fini)
 .fini          0x000000000002cd7c        0x4 /home/twolfg/BLEEnvironmentDownloads/gcc-arm-none-eabi-7-2017-q4-major/bin/../lib/gcc/arm-none-eabi/7.2.1/thumb/v7e-m/fpv4-sp/hard/crti.o
                0x000000000002cd7c                _fini
 .fini          0x000000000002cd80        0x8 /home/twolfg/BLEEnvironmentDownloads/gcc-arm-none-eabi-7-2017-q4-major/bin/../lib/gcc/arm-none-eabi/7.2.1/thumb/v7e-m/fpv4-sp/hard/crtn.o
 *crtbegin.o(.ctors)
 *crtbegin?.o(.ctors)
 *(EXCLUDE_FILE(*crtend.o *crtend?.o) .ctors)
 *(SORT_BY_NAME(.ctors.*))
 *(.ctors)
 *crtbegin.o(.dtors)
 *crtbegin?.o(.dtors)
 *(EXCLUDE_FILE(*crtend.o *crtend?.o) .dtors)
 *(SORT_BY_NAME(.dtors.*))
 *(.dtors)
 *(.rodata*)
 *fill*         0x000000000002cd88        0x8 
 .rodata.delay_bytecode.8968
                0x000000000002cd90        0x6 _build/nrf52832_xxaa/nrf_log_backend_rtt.c.o
 *fill*         0x000000000002cd96        0x2 
 .rodata.nrf_log_backend_rtt_api
                0x000000000002cd98        0xc _build/nrf52832_xxaa/nrf_log_backend_rtt.c.o
                0x000000000002cd98                nrf_log_backend_rtt_api
 .rodata.nrf_log_frontend_dequeue.part.6.str1.4
                0x000000000002cda4       0x11 _build/nrf52832_xxaa/nrf_log_frontend.c.o
 *fill*         0x000000000002cdb5        0x3 
 .rodata.str1.4
                0x000000000002cdb8       0x17 _build/nrf52832_xxaa/nrf_log_frontend.c.o
 *fill*         0x000000000002cdcf        0x1 
 .rodata.m_colors
                0x000000000002cdd0       0x24 _build/nrf52832_xxaa/nrf_log_str_formatter.c.o
 .rodata.nrf_log_hexdump_entry_process.str1.4
                0x000000000002cdf4       0x13 _build/nrf52832_xxaa/nrf_log_str_formatter.c.o
                                         0x16 (size before relaxing)
 *fill*         0x000000000002ce07        0x1 
 .rodata.nrf_log_std_entry_process.str1.4
                0x000000000002ce08       0x3b _build/nrf52832_xxaa/nrf_log_str_formatter.c.o
 *fill*         0x000000000002ce43        0x1 
 .rodata.severity_names
                0x000000000002ce44       0x14 _build/nrf52832_xxaa/nrf_log_str_formatter.c.o
 .rodata.str1.4
                0x000000000002ce58       0x56 _build/nrf52832_xxaa/nrf_log_str_formatter.c.o
 *fill*         0x000000000002ceae        0x2 
 .rodata.app_error_fault_handler.str1.4
                0x000000000002ceb0       0x19 _build/nrf52832_xxaa/app_error_weak.c.o
 *fill*         0x000000000002cec9        0x7 
 .rodata.delay_bytecode.8697
                0x000000000002ced0        0x6 _build/nrf52832_xxaa/app_timer.c.o
 *fill*         0x000000000002ced6        0x2 
 .rodata        0x000000000002ced8       0x20 _build/nrf52832_xxaa/app_uart_fifo.c.o
 .rodata._aV2C.7399
                0x000000000002cef8       0x10 _build/nrf52832_xxaa/nrf_fprintf_format.c.o
 .rodata.str1.4
                0x000000000002cf08        0xd _build/nrf52832_xxaa/nrf_fstorage.c.o
 *fill*         0x000000000002cf15        0x3 
 .rodata.str1.4
                0x000000000002cf18        0xe _build/nrf52832_xxaa/nrf_fstorage_sd.c.o
 *fill*         0x000000000002cf26        0x2 
 .rodata.pwr_mgmt_data
                0x000000000002cf28        0xc _build/nrf52832_xxaa/nrf_pwr_mgmt.c.o
 .rodata.str1.4
                0x000000000002cf34        0x9 _build/nrf52832_xxaa/nrf_pwr_mgmt.c.o
 *fill*         0x000000000002cf3d        0x3 
 .rodata.m_unknown_str
                0x000000000002cf40       0x13 _build/nrf52832_xxaa/nrf_strerror.c.o
 *fill*         0x000000000002cf53        0x1 
 .rodata.nrf_strerror_array
                0x000000000002cf54      0x128 _build/nrf52832_xxaa/nrf_strerror.c.o
 .rodata.str1.4
                0x000000000002d07c      0x3e9 _build/nrf52832_xxaa/nrf_strerror.c.o
 *fill*         0x000000000002d465        0x3 
 .rodata.m_board_btn_list
                0x000000000002d468        0x4 _build/nrf52832_xxaa/boards.c.o
 .rodata.str1.4
                0x000000000002d46c        0x6 _build/nrf52832_xxaa/nrf_drv_clock.c.o
 *fill*         0x000000000002d472        0x2 
 .rodata.str1.4
                0x000000000002d474        0x6 _build/nrf52832_xxaa/nrfx_clock.c.o
 *fill*         0x000000000002d47a        0x2 
 .rodata.str1.4
                0x000000000002d47c        0x7 _build/nrf52832_xxaa/nrfx_gpiote.c.o
 *fill*         0x000000000002d483        0x1 
 .rodata.str1.4
                0x000000000002d484        0x4 _build/nrf52832_xxaa/nrfx_prs.c.o
 .rodata.str1.4
                0x000000000002d488        0x5 _build/nrf52832_xxaa/nrfx_uart.c.o
 *fill*         0x000000000002d48d        0x3 
 .rodata.str1.4
                0x000000000002d490        0x6 _build/nrf52832_xxaa/nrfx_uarte.c.o
 *fill*         0x000000000002d496        0x2 
 .rodata        0x000000000002d498       0x10 _build/nrf52832_xxaa/ble_egs.c.o
 .rodata        0x000000000002d4a8       0x18 _build/nrf52832_xxaa/main.c.o
 .rodata.gatt_evt_handler.str1.4
                0x000000000002d4c0       0x1c _build/nrf52832_xxaa/main.c.o
 .rodata.main.str1.4
                0x000000000002d4dc        0x5 _build/nrf52832_xxaa/main.c.o
 *fill*         0x000000000002d4e1        0x3 
 .rodata.SEGGER_RTT_ReadNoLock.str1.4
                0x000000000002d4e4       0x17 _build/nrf52832_xxaa/SEGGER_RTT.c.o
 *fill*         0x000000000002d4fb        0x1 
 .rodata.data_length_update.constprop.6.str1.4
                0x000000000002d4fc       0xe2 _build/nrf52832_xxaa/nrf_ble_gatt.c.o
 *fill*         0x000000000002d5de        0x2 
 .rodata.nrf_ble_gatt_on_ble_evt.str1.4
                0x000000000002d5e0       0x63 _build/nrf52832_xxaa/nrf_ble_gatt.c.o
 *fill*         0x000000000002d643        0x1 
 .rodata.str1.4
                0x000000000002d644        0xd _build/nrf52832_xxaa/nrf_ble_gatt.c.o
 *fill*         0x000000000002d651        0x3 
 .rodata.str1.4
                0x000000000002d654        0x8 _build/nrf52832_xxaa/ble_nus.c.o
 .rodata        0x000000000002d65c        0x4 _build/nrf52832_xxaa/nrf_sdh.c.o
 .rodata.sdh_req_observers
                0x000000000002d660        0xc _build/nrf52832_xxaa/nrf_sdh.c.o
 .rodata.sdh_stack_observers
                0x000000000002d66c        0xc _build/nrf52832_xxaa/nrf_sdh.c.o
 .rodata.sdh_state_observers
                0x000000000002d678        0xc _build/nrf52832_xxaa/nrf_sdh.c.o
 .rodata.str1.4
                0x000000000002d684        0x8 _build/nrf52832_xxaa/nrf_sdh.c.o
 .rodata.nrf_sdh_ble_default_cfg_set.str1.4
                0x000000000002d68c      0x1cf _build/nrf52832_xxaa/nrf_sdh_ble.c.o
 *fill*         0x000000000002d85b        0x1 
 .rodata.nrf_sdh_ble_enable.str1.4
                0x000000000002d85c       0xad _build/nrf52832_xxaa/nrf_sdh_ble.c.o
 *fill*         0x000000000002d909        0x3 
 .rodata.sdh_ble_observers
                0x000000000002d90c        0xc _build/nrf52832_xxaa/nrf_sdh_ble.c.o
 .rodata.str1.4
                0x000000000002d918        0xc _build/nrf52832_xxaa/nrf_sdh_ble.c.o
 .rodata.sdh_soc_observers
                0x000000000002d924        0xc _build/nrf52832_xxaa/nrf_sdh_soc.c.o
 .rodata.str1.4
                0x000000000002d930        0xc _build/nrf52832_xxaa/nrf_sdh_soc.c.o
 .rodata._global_impure_ptr
                0x000000000002d93c        0x4 /home/twolfg/BLEEnvironmentDownloads/gcc-arm-none-eabi-7-2017-q4-major/bin/../lib/gcc/arm-none-eabi/7.2.1/../../../../arm-none-eabi/lib/thumb/v7e-m/fpv4-sp/hard/libc_nano.a(lib_a-impure.o)
                0x000000000002d93c                _global_impure_ptr
 .rodata._setlocale_r.str1.1
                0x000000000002d940        0x8 /home/twolfg/BLEEnvironmentDownloads/gcc-arm-none-eabi-7-2017-q4-major/bin/../lib/gcc/arm-none-eabi/7.2.1/../../../../arm-none-eabi/lib/thumb/v7e-m/fpv4-sp/hard/libc_nano.a(lib_a-locale.o)
                                          0x9 (size before relaxing)
 .rodata.str1.1
                0x000000000002d948        0x2 /home/twolfg/BLEEnvironmentDownloads/gcc-arm-none-eabi-7-2017-q4-major/bin/../lib/gcc/arm-none-eabi/7.2.1/../../../../arm-none-eabi/lib/thumb/v7e-m/fpv4-sp/hard/libc_nano.a(lib_a-locale.o)
 .rodata._ctype_
                0x000000000002d94a      0x101 /home/twolfg/BLEEnvironmentDownloads/gcc-arm-none-eabi-7-2017-q4-major/bin/../lib/gcc/arm-none-eabi/7.2.1/../../../../arm-none-eabi/lib/thumb/v7e-m/fpv4-sp/hard/libc_nano.a(lib_a-ctype_.o)
                0x000000000002d94a                _ctype_
 *(.eh_frame*)
 *fill*         0x000000000002da4b        0x1 
 .eh_frame      0x000000000002da4c        0x0 /home/twolfg/BLEEnvironmentDownloads/gcc-arm-none-eabi-7-2017-q4-major/bin/../lib/gcc/arm-none-eabi/7.2.1/thumb/v7e-m/fpv4-sp/hard/crtbegin.o
 .eh_frame      0x000000000002da4c        0x4 /home/twolfg/BLEEnvironmentDownloads/gcc-arm-none-eabi-7-2017-q4-major/bin/../lib/gcc/arm-none-eabi/7.2.1/thumb/v7e-m/fpv4-sp/hard/crtend.o

.glue_7         0x000000000002da50        0x0
 .glue_7        0x000000000002da50        0x0 linker stubs

.glue_7t        0x000000000002da50        0x0
 .glue_7t       0x000000000002da50        0x0 linker stubs

.vfp11_veneer   0x000000000002da50        0x0
 .vfp11_veneer  0x000000000002da50        0x0 linker stubs

.v4_bx          0x000000000002da50        0x0
 .v4_bx         0x000000000002da50        0x0 linker stubs

.iplt           0x000000000002da50        0x0
 .iplt          0x000000000002da50        0x0 /home/twolfg/BLEEnvironmentDownloads/gcc-arm-none-eabi-7-2017-q4-major/bin/../lib/gcc/arm-none-eabi/7.2.1/thumb/v7e-m/fpv4-sp/hard/crtbegin.o

.mem_section_dummy_rom

.sdh_soc_observers
                0x000000000002da50       0x18
                0x000000000002da50                PROVIDE (__start_sdh_soc_observers, .)
 *(SORT_BY_NAME(.sdh_soc_observers*))
 .sdh_soc_observers0
                0x000000000002da50        0x8 _build/nrf52832_xxaa/nrf_fstorage_sd.c.o
 .sdh_soc_observers0
                0x000000000002da58        0x8 _build/nrf52832_xxaa/nrf_drv_clock.c.o
 .sdh_soc_observers1
                0x000000000002da60        0x8 _build/nrf52832_xxaa/main.c.o
                0x000000000002da68                PROVIDE (__stop_sdh_soc_observers, .)

.sdh_ble_observers
                0x000000000002da68       0x40
                0x000000000002da68                PROVIDE (__start_sdh_ble_observers, .)
 *(SORT_BY_NAME(.sdh_ble_observers*))
 .sdh_ble_observers0
                0x000000000002da68        0x8 _build/nrf52832_xxaa/ble_conn_state.c.o
 .sdh_ble_observers1
                0x000000000002da70        0x8 _build/nrf52832_xxaa/bsp_btn_ble.c.o
 .sdh_ble_observers1
                0x000000000002da78       0x10 _build/nrf52832_xxaa/main.c.o
 .sdh_ble_observers1
                0x000000000002da88        0x8 _build/nrf52832_xxaa/ble_conn_params.c.o
 .sdh_ble_observers2
                0x000000000002da90       0x10 _build/nrf52832_xxaa/main.c.o
 .sdh_ble_observers3
                0x000000000002daa0        0x8 _build/nrf52832_xxaa/main.c.o
                0x000000000002daa8                PROVIDE (__stop_sdh_ble_observers, .)

.pwr_mgmt_data  0x000000000002daa8        0x0
                0x000000000002daa8                PROVIDE (__start_pwr_mgmt_data, .)
 *(SORT_BY_NAME(.pwr_mgmt_data*))
                0x000000000002daa8                PROVIDE (__stop_pwr_mgmt_data, .)

.log_const_data
                0x000000000002daa8       0x80
                0x000000000002daa8                PROVIDE (__start_log_const_data, .)
 *(SORT_BY_NAME(.log_const_data*))
 .log_const_data_CLOCK
                0x000000000002daa8        0x8 _build/nrf52832_xxaa/nrfx_clock.c.o
                0x000000000002daa8                m_nrf_log_CLOCK_logs_data_const
 .log_const_data_GPIOTE
                0x000000000002dab0        0x8 _build/nrf52832_xxaa/nrfx_gpiote.c.o
                0x000000000002dab0                m_nrf_log_GPIOTE_logs_data_const
 .log_const_data_PRS
                0x000000000002dab8        0x8 _build/nrf52832_xxaa/nrfx_prs.c.o
                0x000000000002dab8                m_nrf_log_PRS_logs_data_const
 .log_const_data_UART
                0x000000000002dac0        0x8 _build/nrf52832_xxaa/nrfx_uart.c.o
                0x000000000002dac0                m_nrf_log_UART_logs_data_const
 .log_const_data_UARTE
                0x000000000002dac8        0x8 _build/nrf52832_xxaa/nrfx_uarte.c.o
                0x000000000002dac8                m_nrf_log_UARTE_logs_data_const
 .log_const_data_app
                0x000000000002dad0        0x8 _build/nrf52832_xxaa/nrf_log_frontend.c.o
                0x000000000002dad0                m_nrf_log_app_logs_data_const
 .log_const_data_atfifo_m_fifo
                0x000000000002dad8        0x8 _build/nrf52832_xxaa/nrf_fstorage_sd.c.o
                0x000000000002dad8                m_nrf_log_atfifo_m_fifo_logs_data_const
 .log_const_data_balloc_log_mempool
                0x000000000002dae0        0x8 _build/nrf52832_xxaa/nrf_log_frontend.c.o
                0x000000000002dae0                m_nrf_log_balloc_log_mempool_logs_data_const
 .log_const_data_ble_nus
                0x000000000002dae8        0x8 _build/nrf52832_xxaa/ble_nus.c.o
                0x000000000002dae8                m_nrf_log_ble_nus_logs_data_const
 .log_const_data_clock
                0x000000000002daf0        0x8 _build/nrf52832_xxaa/nrf_drv_clock.c.o
                0x000000000002daf0                m_nrf_log_clock_logs_data_const
 .log_const_data_nrf_ble_gatt
                0x000000000002daf8        0x8 _build/nrf52832_xxaa/nrf_ble_gatt.c.o
                0x000000000002daf8                m_nrf_log_nrf_ble_gatt_logs_data_const
 .log_const_data_nrf_fstorage
                0x000000000002db00        0x8 _build/nrf52832_xxaa/nrf_fstorage.c.o
                0x000000000002db00                m_nrf_log_nrf_fstorage_logs_data_const
 .log_const_data_nrf_sdh
                0x000000000002db08        0x8 _build/nrf52832_xxaa/nrf_sdh.c.o
                0x000000000002db08                m_nrf_log_nrf_sdh_logs_data_const
 .log_const_data_nrf_sdh_ble
                0x000000000002db10        0x8 _build/nrf52832_xxaa/nrf_sdh_ble.c.o
                0x000000000002db10                m_nrf_log_nrf_sdh_ble_logs_data_const
 .log_const_data_nrf_sdh_soc
                0x000000000002db18        0x8 _build/nrf52832_xxaa/nrf_sdh_soc.c.o
                0x000000000002db18                m_nrf_log_nrf_sdh_soc_logs_data_const
 .log_const_data_pwr_mgmt
                0x000000000002db20        0x8 _build/nrf52832_xxaa/nrf_pwr_mgmt.c.o
                0x000000000002db20                m_nrf_log_pwr_mgmt_logs_data_const
                0x000000000002db28                PROVIDE (__stop_log_const_data, .)

.nrf_balloc     0x000000000002db28       0x18
                [!provide]                        PROVIDE (__start_nrf_balloc, .)
 *(.nrf_balloc)
 .nrf_balloc    0x000000000002db28       0x18 _build/nrf52832_xxaa/nrf_log_frontend.c.o
                0x000000000002db28                log_mempool
                [!provide]                        PROVIDE (__stop_nrf_balloc, .)

.sdh_state_observers
                0x000000000002db40       0x10
                0x000000000002db40                PROVIDE (__start_sdh_state_observers, .)
 *(SORT_BY_NAME(.sdh_state_observers*))
 .sdh_state_observers0
                0x000000000002db40        0x8 _build/nrf52832_xxaa/nrf_fstorage_sd.c.o
 .sdh_state_observers0
                0x000000000002db48        0x8 _build/nrf52832_xxaa/nrf_drv_clock.c.o
                0x000000000002db50                PROVIDE (__stop_sdh_state_observers, .)

.sdh_stack_observers
                0x000000000002db50       0x10
                0x000000000002db50                PROVIDE (__start_sdh_stack_observers, .)
 *(SORT_BY_NAME(.sdh_stack_observers*))
 .sdh_stack_observers0
                0x000000000002db50        0x8 _build/nrf52832_xxaa/nrf_sdh_ble.c.o
 .sdh_stack_observers0
                0x000000000002db58        0x8 _build/nrf52832_xxaa/nrf_sdh_soc.c.o
                0x000000000002db60                PROVIDE (__stop_sdh_stack_observers, .)

.sdh_req_observers
                0x000000000002db60        0x8
                0x000000000002db60                PROVIDE (__start_sdh_req_observers, .)
 *(SORT_BY_NAME(.sdh_req_observers*))
 .sdh_req_observers0
                0x000000000002db60        0x8 _build/nrf52832_xxaa/nrf_fstorage_sd.c.o
                0x000000000002db60                m_req_obs
                0x000000000002db68                PROVIDE (__stop_sdh_req_observers, .)

.nrf_queue      0x000000000002db68        0x0
                [!provide]                        PROVIDE (__start_nrf_queue, .)
 *(.nrf_queue)
                [!provide]                        PROVIDE (__stop_nrf_queue, .)

.cli_command    0x000000000002db68        0x0
                [!provide]                        PROVIDE (__start_cli_command, .)
 *(.cli_command)
                [!provide]                        PROVIDE (__stop_cli_command, .)

.crypto_data    0x000000000002db68        0x0
                [!provide]                        PROVIDE (__start_crypto_data, .)
 *(SORT_BY_NAME(.crypto_data*))
                [!provide]                        PROVIDE (__stop_crypto_data, .)

.ARM.extab
 *(.ARM.extab* .gnu.linkonce.armextab.*)
                0x000000000002db68                __exidx_start = .

.ARM.exidx      0x000000000002db68        0x8
 *(.ARM.exidx* .gnu.linkonce.armexidx.*)
 .ARM.exidx     0x000000000002db68        0x8 /home/twolfg/BLEEnvironmentDownloads/gcc-arm-none-eabi-7-2017-q4-major/bin/../lib/gcc/arm-none-eabi/7.2.1/../../../../arm-none-eabi/lib/thumb/v7e-m/fpv4-sp/hard/crt0.o
 .ARM.exidx     0x000000000002db70        0x0 /home/twolfg/BLEEnvironmentDownloads/gcc-arm-none-eabi-7-2017-q4-major/bin/../lib/gcc/arm-none-eabi/7.2.1/thumb/v7e-m/fpv4-sp/hard/libgcc.a(_udivmoddi4.o)
                                          0x8 (size before relaxing)
                0x000000000002db70                __exidx_end = .
                0x000000000002db70                __etext = .

.rel.dyn        0x000000000002db70        0x0
 .rel.iplt      0x000000000002db70        0x0 /home/twolfg/BLEEnvironmentDownloads/gcc-arm-none-eabi-7-2017-q4-major/bin/../lib/gcc/arm-none-eabi/7.2.1/thumb/v7e-m/fpv4-sp/hard/crtbegin.o

.data           0x0000000020002a98      0x218 load address 0x000000000002db70
                0x0000000020002a98                __data_start__ = .
 *(vtable)
 *(.data*)
 .data.rtt_log_backend
                0x0000000020002a98        0xc _build/nrf52832_xxaa/nrf_log_default_backends.c.o
 .data.app_uart_inst
                0x0000000020002aa4       0x14 _build/nrf52832_xxaa/app_uart_fifo.c.o
 .data.m_fifo_inst
                0x0000000020002ab8       0x14 _build/nrf52832_xxaa/nrf_fstorage_sd.c.o
 .data.SystemCoreClock
                0x0000000020002acc        0x4 _build/nrf52832_xxaa/system_nrf52.c.o
                0x0000000020002acc                SystemCoreClock
 .data.m_adv_uuids
                0x0000000020002ad0        0x4 _build/nrf52832_xxaa/main.c.o
 .data.m_conn_handle
                0x0000000020002ad4        0x2 _build/nrf52832_xxaa/main.c.o
 *fill*         0x0000000020002ad6        0x2 
 .data._impure_ptr
                0x0000000020002ad8        0x4 /home/twolfg/BLEEnvironmentDownloads/gcc-arm-none-eabi-7-2017-q4-major/bin/../lib/gcc/arm-none-eabi/7.2.1/../../../../arm-none-eabi/lib/thumb/v7e-m/fpv4-sp/hard/libc_nano.a(lib_a-impure.o)
                0x0000000020002ad8                _impure_ptr
 .data.impure_data
                0x0000000020002adc       0x60 /home/twolfg/BLEEnvironmentDownloads/gcc-arm-none-eabi-7-2017-q4-major/bin/../lib/gcc/arm-none-eabi/7.2.1/../../../../arm-none-eabi/lib/thumb/v7e-m/fpv4-sp/hard/libc_nano.a(lib_a-impure.o)
 .data.__global_locale
                0x0000000020002b3c      0x16c /home/twolfg/BLEEnvironmentDownloads/gcc-arm-none-eabi-7-2017-q4-major/bin/../lib/gcc/arm-none-eabi/7.2.1/../../../../arm-none-eabi/lib/thumb/v7e-m/fpv4-sp/hard/libc_nano.a(lib_a-locale.o)
                0x0000000020002b3c                __global_locale
                0x0000000020002ca8                . = ALIGN (0x4)
                0x0000000020002ca8                PROVIDE (__preinit_array_start, .)
 *(.preinit_array)
                0x0000000020002ca8                PROVIDE (__preinit_array_end, .)
                0x0000000020002ca8                . = ALIGN (0x4)
                0x0000000020002ca8                PROVIDE (__init_array_start, .)
 *(SORT_BY_NAME(.init_array.*))
 *(.init_array)
 .init_array    0x0000000020002ca8        0x4 /home/twolfg/BLEEnvironmentDownloads/gcc-arm-none-eabi-7-2017-q4-major/bin/../lib/gcc/arm-none-eabi/7.2.1/thumb/v7e-m/fpv4-sp/hard/crtbegin.o
                0x0000000020002cac                PROVIDE (__init_array_end, .)
                0x0000000020002cac                . = ALIGN (0x4)
                [!provide]                        PROVIDE (__fini_array_start, .)
 *(SORT_BY_NAME(.fini_array.*))
 *(.fini_array)
 .fini_array    0x0000000020002cac        0x4 /home/twolfg/BLEEnvironmentDownloads/gcc-arm-none-eabi-7-2017-q4-major/bin/../lib/gcc/arm-none-eabi/7.2.1/thumb/v7e-m/fpv4-sp/hard/crtbegin.o
                [!provide]                        PROVIDE (__fini_array_end, .)
 *(.jcr*)
                0x0000000020002cb0                . = ALIGN (0x4)
                0x0000000020002cb0                __data_end__ = .
LOAD /home/twolfg/BLEEnvironmentDownloads/gcc-arm-none-eabi-7-2017-q4-major/bin/../lib/gcc/arm-none-eabi/7.2.1/thumb/v7e-m/fpv4-sp/hard/crti.o
LOAD /home/twolfg/BLEEnvironmentDownloads/gcc-arm-none-eabi-7-2017-q4-major/bin/../lib/gcc/arm-none-eabi/7.2.1/thumb/v7e-m/fpv4-sp/hard/crtbegin.o
LOAD /home/twolfg/BLEEnvironmentDownloads/gcc-arm-none-eabi-7-2017-q4-major/bin/../lib/gcc/arm-none-eabi/7.2.1/../../../../arm-none-eabi/lib/thumb/v7e-m/fpv4-sp/hard/crt0.o
LOAD _build/nrf52832_xxaa/gcc_startup_nrf52.S.o
LOAD _build/nrf52832_xxaa/nrf_log_backend_rtt.c.o
LOAD _build/nrf52832_xxaa/nrf_log_backend_serial.c.o
LOAD _build/nrf52832_xxaa/nrf_log_default_backends.c.o
LOAD _build/nrf52832_xxaa/nrf_log_frontend.c.o
LOAD _build/nrf52832_xxaa/nrf_log_str_formatter.c.o
LOAD _build/nrf52832_xxaa/app_button.c.o
LOAD _build/nrf52832_xxaa/app_error.c.o
LOAD _build/nrf52832_xxaa/app_error_handler_gcc.c.o
LOAD _build/nrf52832_xxaa/app_error_weak.c.o
LOAD _build/nrf52832_xxaa/app_fifo.c.o
LOAD _build/nrf52832_xxaa/app_scheduler.c.o
LOAD _build/nrf52832_xxaa/app_timer.c.o
LOAD _build/nrf52832_xxaa/app_uart_fifo.c.o
LOAD _build/nrf52832_xxaa/app_util_platform.c.o
LOAD _build/nrf52832_xxaa/hardfault_implementation.c.o
LOAD _build/nrf52832_xxaa/nrf_assert.c.o
LOAD _build/nrf52832_xxaa/nrf_atfifo.c.o
LOAD _build/nrf52832_xxaa/nrf_atflags.c.o
LOAD _build/nrf52832_xxaa/nrf_atomic.c.o
LOAD _build/nrf52832_xxaa/nrf_balloc.c.o
LOAD _build/nrf52832_xxaa/nrf_fprintf.c.o
LOAD _build/nrf52832_xxaa/nrf_fprintf_format.c.o
LOAD _build/nrf52832_xxaa/nrf_fstorage.c.o
LOAD _build/nrf52832_xxaa/nrf_fstorage_sd.c.o
LOAD _build/nrf52832_xxaa/nrf_memobj.c.o
LOAD _build/nrf52832_xxaa/nrf_pwr_mgmt.c.o
LOAD _build/nrf52832_xxaa/nrf_section_iter.c.o
LOAD _build/nrf52832_xxaa/nrf_strerror.c.o
LOAD _build/nrf52832_xxaa/retarget.c.o
LOAD _build/nrf52832_xxaa/system_nrf52.c.o
LOAD _build/nrf52832_xxaa/boards.c.o
LOAD _build/nrf52832_xxaa/nrf_drv_clock.c.o
LOAD _build/nrf52832_xxaa/nrf_drv_uart.c.o
LOAD _build/nrf52832_xxaa/nrfx_clock.c.o
LOAD _build/nrf52832_xxaa/nrfx_gpiote.c.o
LOAD _build/nrf52832_xxaa/nrfx_power_clock.c.o
LOAD _build/nrf52832_xxaa/nrfx_prs.c.o
LOAD _build/nrf52832_xxaa/nrfx_uart.c.o
LOAD _build/nrf52832_xxaa/nrfx_uarte.c.o
LOAD _build/nrf52832_xxaa/bsp.c.o
LOAD _build/nrf52832_xxaa/bsp_btn_ble.c.o
LOAD _build/nrf52832_xxaa/ble_egs.c.o
LOAD _build/nrf52832_xxaa/main.c.o
LOAD _build/nrf52832_xxaa/SEGGER_RTT.c.o
LOAD _build/nrf52832_xxaa/SEGGER_RTT_Syscalls_GCC.c.o
LOAD _build/nrf52832_xxaa/SEGGER_RTT_printf.c.o
LOAD _build/nrf52832_xxaa/ble_advdata.c.o
LOAD _build/nrf52832_xxaa/ble_advertising.c.o
LOAD _build/nrf52832_xxaa/ble_conn_params.c.o
LOAD _build/nrf52832_xxaa/ble_conn_state.c.o
LOAD _build/nrf52832_xxaa/ble_link_ctx_manager.c.o
LOAD _build/nrf52832_xxaa/ble_srv_common.c.o
LOAD _build/nrf52832_xxaa/nrf_ble_gatt.c.o
LOAD _build/nrf52832_xxaa/nrf_ble_qwr.c.o
LOAD _build/nrf52832_xxaa/ble_nus.c.o
LOAD _build/nrf52832_xxaa/nrf_sdh.c.o
LOAD _build/nrf52832_xxaa/nrf_sdh_ble.c.o
LOAD _build/nrf52832_xxaa/nrf_sdh_soc.c.o
LOAD /home/twolfg/BLEEnvironmentDownloads/gcc-arm-none-eabi-7-2017-q4-major/bin/../lib/gcc/arm-none-eabi/7.2.1/../../../../arm-none-eabi/lib/thumb/v7e-m/fpv4-sp/hard/libc_nano.a
LOAD /home/twolfg/BLEEnvironmentDownloads/gcc-arm-none-eabi-7-2017-q4-major/bin/../lib/gcc/arm-none-eabi/7.2.1/../../../../arm-none-eabi/lib/thumb/v7e-m/fpv4-sp/hard/libnosys.a
LOAD /home/twolfg/BLEEnvironmentDownloads/gcc-arm-none-eabi-7-2017-q4-major/bin/../lib/gcc/arm-none-eabi/7.2.1/../../../../arm-none-eabi/lib/thumb/v7e-m/fpv4-sp/hard/libm.a
START GROUP
LOAD /home/twolfg/BLEEnvironmentDownloads/gcc-arm-none-eabi-7-2017-q4-major/bin/../lib/gcc/arm-none-eabi/7.2.1/thumb/v7e-m/fpv4-sp/hard/libgcc.a
LOAD /home/twolfg/BLEEnvironmentDownloads/gcc-arm-none-eabi-7-2017-q4-major/bin/../lib/gcc/arm-none-eabi/7.2.1/../../../../arm-none-eabi/lib/thumb/v7e-m/fpv4-sp/hard/libg_nano.a
LOAD /home/twolfg/BLEEnvironmentDownloads/gcc-arm-none-eabi-7-2017-q4-major/bin/../lib/gcc/arm-none-eabi/7.2.1/../../../../arm-none-eabi/lib/thumb/v7e-m/fpv4-sp/hard/libc_nano.a
END GROUP
START GROUP
LOAD /home/twolfg/BLEEnvironmentDownloads/gcc-arm-none-eabi-7-2017-q4-major/bin/../lib/gcc/arm-none-eabi/7.2.1/thumb/v7e-m/fpv4-sp/hard/libgcc.a
LOAD /home/twolfg/BLEEnvironmentDownloads/gcc-arm-none-eabi-7-2017-q4-major/bin/../lib/gcc/arm-none-eabi/7.2.1/../../../../arm-none-eabi/lib/thumb/v7e-m/fpv4-sp/hard/libc_nano.a
END GROUP
LOAD /home/twolfg/BLEEnvironmentDownloads/gcc-arm-none-eabi-7-2017-q4-major/bin/../lib/gcc/arm-none-eabi/7.2.1/thumb/v7e-m/fpv4-sp/hard/crtend.o
LOAD /home/twolfg/BLEEnvironmentDownloads/gcc-arm-none-eabi-7-2017-q4-major/bin/../lib/gcc/arm-none-eabi/7.2.1/thumb/v7e-m/fpv4-sp/hard/crtn.o
START GROUP
LOAD /home/twolfg/BLEEnvironmentDownloads/gcc-arm-none-eabi-7-2017-q4-major/bin/../lib/gcc/arm-none-eabi/7.2.1/thumb/v7e-m/fpv4-sp/hard/libgcc.a
LOAD /home/twolfg/BLEEnvironmentDownloads/gcc-arm-none-eabi-7-2017-q4-major/bin/../lib/gcc/arm-none-eabi/7.2.1/../../../../arm-none-eabi/lib/thumb/v7e-m/fpv4-sp/hard/libc.a
LOAD /home/twolfg/BLEEnvironmentDownloads/gcc-arm-none-eabi-7-2017-q4-major/bin/../lib/gcc/arm-none-eabi/7.2.1/../../../../arm-none-eabi/lib/thumb/v7e-m/fpv4-sp/hard/libnosys.a
END GROUP

.igot.plt       0x0000000020002cb0        0x0 load address 0x000000000002dd88
 .igot.plt      0x0000000020002cb0        0x0 /home/twolfg/BLEEnvironmentDownloads/gcc-arm-none-eabi-7-2017-q4-major/bin/../lib/gcc/arm-none-eabi/7.2.1/thumb/v7e-m/fpv4-sp/hard/crtbegin.o
                0x0000000020002cb0                . = ALIGN (0x4)

.mem_section_dummy_ram

.log_dynamic_data
                0x0000000020002cb0       0x40 load address 0x000000000002dd88
                0x0000000020002cb0                PROVIDE (__start_log_dynamic_data, .)
 *(SORT_BY_NAME(.log_dynamic_data*))
 .log_dynamic_data_CLOCK
                0x0000000020002cb0        0x4 _build/nrf52832_xxaa/nrfx_clock.c.o
                0x0000000020002cb0                m_nrf_log_CLOCK_logs_data_dynamic
 .log_dynamic_data_GPIOTE
                0x0000000020002cb4        0x4 _build/nrf52832_xxaa/nrfx_gpiote.c.o
                0x0000000020002cb4                m_nrf_log_GPIOTE_logs_data_dynamic
 .log_dynamic_data_PRS
                0x0000000020002cb8        0x4 _build/nrf52832_xxaa/nrfx_prs.c.o
                0x0000000020002cb8                m_nrf_log_PRS_logs_data_dynamic
 .log_dynamic_data_UART
                0x0000000020002cbc        0x4 _build/nrf52832_xxaa/nrfx_uart.c.o
                0x0000000020002cbc                m_nrf_log_UART_logs_data_dynamic
 .log_dynamic_data_UARTE
                0x0000000020002cc0        0x4 _build/nrf52832_xxaa/nrfx_uarte.c.o
                0x0000000020002cc0                m_nrf_log_UARTE_logs_data_dynamic
 .log_dynamic_data_app
                0x0000000020002cc4        0x4 _build/nrf52832_xxaa/nrf_log_frontend.c.o
                0x0000000020002cc4                m_nrf_log_app_logs_data_dynamic
 .log_dynamic_data_atfifo_m_fifo
                0x0000000020002cc8        0x4 _build/nrf52832_xxaa/nrf_fstorage_sd.c.o
                0x0000000020002cc8                m_nrf_log_atfifo_m_fifo_logs_data_dynamic
 .log_dynamic_data_balloc_log_mempool
                0x0000000020002ccc        0x4 _build/nrf52832_xxaa/nrf_log_frontend.c.o
                0x0000000020002ccc                m_nrf_log_balloc_log_mempool_logs_data_dynamic
 .log_dynamic_data_ble_nus
                0x0000000020002cd0        0x4 _build/nrf52832_xxaa/ble_nus.c.o
                0x0000000020002cd0                m_nrf_log_ble_nus_logs_data_dynamic
 .log_dynamic_data_clock
                0x0000000020002cd4        0x4 _build/nrf52832_xxaa/nrf_drv_clock.c.o
                0x0000000020002cd4                m_nrf_log_clock_logs_data_dynamic
 .log_dynamic_data_nrf_ble_gatt
                0x0000000020002cd8        0x4 _build/nrf52832_xxaa/nrf_ble_gatt.c.o
                0x0000000020002cd8                m_nrf_log_nrf_ble_gatt_logs_data_dynamic
 .log_dynamic_data_nrf_fstorage
                0x0000000020002cdc        0x4 _build/nrf52832_xxaa/nrf_fstorage.c.o
                0x0000000020002cdc                m_nrf_log_nrf_fstorage_logs_data_dynamic
 .log_dynamic_data_nrf_sdh
                0x0000000020002ce0        0x4 _build/nrf52832_xxaa/nrf_sdh.c.o
                0x0000000020002ce0                m_nrf_log_nrf_sdh_logs_data_dynamic
 .log_dynamic_data_nrf_sdh_ble
                0x0000000020002ce4        0x4 _build/nrf52832_xxaa/nrf_sdh_ble.c.o
                0x0000000020002ce4                m_nrf_log_nrf_sdh_ble_logs_data_dynamic
 .log_dynamic_data_nrf_sdh_soc
                0x0000000020002ce8        0x4 _build/nrf52832_xxaa/nrf_sdh_soc.c.o
                0x0000000020002ce8                m_nrf_log_nrf_sdh_soc_logs_data_dynamic
 .log_dynamic_data_pwr_mgmt
                0x0000000020002cec        0x4 _build/nrf52832_xxaa/nrf_pwr_mgmt.c.o
                0x0000000020002cec                m_nrf_log_pwr_mgmt_logs_data_dynamic
                [!provide]                        PROVIDE (__stop_log_dynamic_data, .)

.fs_data        0x0000000020002cf0        0x0
                0x0000000020002cf0                PROVIDE (__start_fs_data, .)
 *(.fs_data)
                0x0000000020002cf0                PROVIDE (__stop_fs_data, .)

.cli_sorted_cmd_ptrs
                0x0000000020002cf0        0x0
                [!provide]                        PROVIDE (__start_cli_sorted_cmd_ptrs, .)
 *(.cli_sorted_cmd_ptrs)
                [!provide]                        PROVIDE (__stop_cli_sorted_cmd_ptrs, .)

.bss            0x0000000020002cf0      0xe80 load address 0x000000000002ddc8
                0x0000000020002cf0                . = ALIGN (0x4)
                0x0000000020002cf0                __bss_start__ = .
 *(.bss*)
 .bss           0x0000000020002cf0       0x1c /home/twolfg/BLEEnvironmentDownloads/gcc-arm-none-eabi-7-2017-q4-major/bin/../lib/gcc/arm-none-eabi/7.2.1/thumb/v7e-m/fpv4-sp/hard/crtbegin.o
 .bss.m_host_present
                0x0000000020002d0c        0x1 _build/nrf52832_xxaa/nrf_log_backend_rtt.c.o
 *fill*         0x0000000020002d0d        0x3 
 .bss.m_string_buff
                0x0000000020002d10       0x40 _build/nrf52832_xxaa/nrf_log_backend_rtt.c.o
 .bss.log_mempool_nrf_balloc_cb
                0x0000000020002d50        0x8 _build/nrf52832_xxaa/nrf_log_frontend.c.o
 .bss.log_mempool_nrf_balloc_pool_mem
                0x0000000020002d58       0xc0 _build/nrf52832_xxaa/nrf_log_frontend.c.o
 .bss.log_mempool_nrf_balloc_pool_stack
                0x0000000020002e18        0x8 _build/nrf52832_xxaa/nrf_log_frontend.c.o
 .bss.m_log_data
                0x0000000020002e20      0x424 _build/nrf52832_xxaa/nrf_log_frontend.c.o
 .bss.m_op_queue
                0x0000000020003244      0x10c _build/nrf52832_xxaa/app_timer.c.o
 .bss.m_rtc1_reset
                0x0000000020003350        0x1 _build/nrf52832_xxaa/app_timer.c.o
 .bss.m_rtc1_running
                0x0000000020003351        0x1 _build/nrf52832_xxaa/app_timer.c.o
 *fill*         0x0000000020003352        0x2 
 .bss.m_ticks_elapsed
                0x0000000020003354        0x8 _build/nrf52832_xxaa/app_timer.c.o
 .bss.m_ticks_elapsed_q_read_ind
                0x000000002000335c        0x1 _build/nrf52832_xxaa/app_timer.c.o
 .bss.m_ticks_elapsed_q_write_ind
                0x000000002000335d        0x1 _build/nrf52832_xxaa/app_timer.c.o
 *fill*         0x000000002000335e        0x2 
 .bss.m_ticks_latest
                0x0000000020003360        0x4 _build/nrf52832_xxaa/app_timer.c.o
 .bss.mp_timer_id_head
                0x0000000020003364        0x4 _build/nrf52832_xxaa/app_timer.c.o
 .bss.m_event_handler
                0x0000000020003368        0x4 _build/nrf52832_xxaa/app_uart_fifo.c.o
 .bss.m_rx_fifo
                0x000000002000336c       0x10 _build/nrf52832_xxaa/app_uart_fifo.c.o
 .bss.m_rx_ovf  0x000000002000337c        0x1 _build/nrf52832_xxaa/app_uart_fifo.c.o
 *fill*         0x000000002000337d        0x3 
 .bss.m_tx_fifo
                0x0000000020003380       0x10 _build/nrf52832_xxaa/app_uart_fifo.c.o
 .bss.rx_buffer
                0x0000000020003390        0x1 _build/nrf52832_xxaa/app_uart_fifo.c.o
 *fill*         0x0000000020003391        0x3 
 .bss.tx_buffer
                0x0000000020003394        0x1 _build/nrf52832_xxaa/app_uart_fifo.c.o
 *fill*         0x0000000020003395        0x3 
 .bss.m_flags   0x0000000020003398       0x14 _build/nrf52832_xxaa/nrf_fstorage_sd.c.o
 .bss.m_iget_ctx
                0x00000000200033ac        0x4 _build/nrf52832_xxaa/nrf_fstorage_sd.c.o
 .bss.m_p_cur_op
                0x00000000200033b0        0x4 _build/nrf52832_xxaa/nrf_fstorage_sd.c.o
 .bss.m_handlers_iter
                0x00000000200033b4        0x8 _build/nrf52832_xxaa/nrf_pwr_mgmt.c.o
 .bss.m_shutdown_started
                0x00000000200033bc        0x1 _build/nrf52832_xxaa/nrf_pwr_mgmt.c.o
 *fill*         0x00000000200033bd        0x3 
 .bss.m_sysoff_mtx
                0x00000000200033c0        0x4 _build/nrf52832_xxaa/nrf_pwr_mgmt.c.o
 .bss.m_clock_cb
                0x00000000200033c4       0x14 _build/nrf52832_xxaa/nrf_drv_clock.c.o
 .bss.m_contexts
                0x00000000200033d8        0x4 _build/nrf52832_xxaa/nrf_drv_uart.c.o
 .bss.m_handlers
                0x00000000200033dc        0x4 _build/nrf52832_xxaa/nrf_drv_uart.c.o
 .bss.m_clock_cb
                0x00000000200033e0        0x8 _build/nrf52832_xxaa/nrfx_clock.c.o
 .bss.m_cb      0x00000000200033e8       0x5c _build/nrf52832_xxaa/nrfx_gpiote.c.o
 .bss.m_prs_box_4
                0x0000000020003444        0x8 _build/nrf52832_xxaa/nrfx_prs.c.o
 .bss.m_cb      0x000000002000344c       0x2c _build/nrf52832_xxaa/nrfx_uart.c.o
 .bss.m_cb      0x0000000020003478       0x24 _build/nrf52832_xxaa/nrfx_uarte.c.o
 .bss.m_alert_on
                0x000000002000349c        0x1 _build/nrf52832_xxaa/bsp.c.o
 *fill*         0x000000002000349d        0x3 
 .bss.m_bsp_alert_tmr_data
                0x00000000200034a0       0x20 _build/nrf52832_xxaa/bsp.c.o
 .bss.m_bsp_leds_tmr_data
                0x00000000200034c0       0x20 _build/nrf52832_xxaa/bsp.c.o
 .bss.m_events_list
                0x00000000200034e0        0xc _build/nrf52832_xxaa/bsp.c.o
 .bss.m_indication_type
                0x00000000200034ec        0x4 _build/nrf52832_xxaa/bsp.c.o
 .bss.m_leds_clear
                0x00000000200034f0        0x1 _build/nrf52832_xxaa/bsp.c.o
 .bss.m_stable_state
                0x00000000200034f1        0x1 _build/nrf52832_xxaa/bsp.c.o
 *fill*         0x00000000200034f2        0x2 
 .bss.m_error_handler
                0x00000000200034f4        0x4 _build/nrf52832_xxaa/bsp_btn_ble.c.o
 .bss.m_num_connections
                0x00000000200034f8        0x4 _build/nrf52832_xxaa/bsp_btn_ble.c.o
 .bss.hit_status_from_uart
                0x00000000200034fc        0x1 _build/nrf52832_xxaa/main.c.o
 *fill*         0x00000000200034fd        0x3 
 .bss.hit_time_from_uart
                0x0000000020003500        0x4 _build/nrf52832_xxaa/main.c.o
 .bss.m_advertising
                0x0000000020003504       0xb8 _build/nrf52832_xxaa/main.c.o
 .bss.m_egs     0x00000000200035bc       0x1c _build/nrf52832_xxaa/main.c.o
 .bss.m_gatt    0x00000000200035d8       0x14 _build/nrf52832_xxaa/main.c.o
 .bss.m_qwr     0x00000000200035ec        0xc _build/nrf52832_xxaa/main.c.o
 .bss.numBytes  0x00000000200035f8        0x1 _build/nrf52832_xxaa/main.c.o
                0x00000000200035f8                numBytes
 *fill*         0x00000000200035f9        0x3 
 .bss.rx_buf.12082
                0x00000000200035fc      0x100 _build/nrf52832_xxaa/main.c.o
 .bss.tx_buf.12083
                0x00000000200036fc      0x100 _build/nrf52832_xxaa/main.c.o
 .bss._acDownBuffer
                0x00000000200037fc       0x10 _build/nrf52832_xxaa/SEGGER_RTT.c.o
 .bss._acUpBuffer
                0x000000002000380c      0x200 _build/nrf52832_xxaa/SEGGER_RTT.c.o
 .bss.m_conn_params_config
                0x0000000020003a0c       0x1c _build/nrf52832_xxaa/ble_conn_params.c.o
 .bss.m_conn_params_instances
                0x0000000020003a28       0x14 _build/nrf52832_xxaa/ble_conn_params.c.o
 .bss.m_preferred_conn_params
                0x0000000020003a3c        0x8 _build/nrf52832_xxaa/ble_conn_params.c.o
 .bss.m_timer_data
                0x0000000020003a44       0x20 _build/nrf52832_xxaa/ble_conn_params.c.o
 .bss.m_bcs     0x0000000020003a64       0x78 _build/nrf52832_xxaa/ble_conn_state.c.o
 .bss.m_nrf_sdh_continue
                0x0000000020003adc        0x1 _build/nrf52832_xxaa/nrf_sdh.c.o
 .bss.m_nrf_sdh_enabled
                0x0000000020003add        0x1 _build/nrf52832_xxaa/nrf_sdh.c.o
 .bss.m_nrf_sdh_suspended
                0x0000000020003ade        0x1 _build/nrf52832_xxaa/nrf_sdh.c.o
 .bss.m_stack_is_enabled
                0x0000000020003adf        0x1 _build/nrf52832_xxaa/nrf_sdh_ble.c.o
 *(COMMON)
 COMMON         0x0000000020003ae0        0xc _build/nrf52832_xxaa/app_util_platform.c.o
                0x0000000020003ae0                nrf_nvic_state
 COMMON         0x0000000020003aec        0x1 _build/nrf52832_xxaa/nrf_drv_uart.c.o
                0x0000000020003aec                nrf_drv_uart_use_easy_dma
 *fill*         0x0000000020003aed        0x3 
 COMMON         0x0000000020003af0        0x7 _build/nrf52832_xxaa/main.c.o
                0x0000000020003af0                rbuff
                0x0000000020003af6                curByte
 *fill*         0x0000000020003af7        0x1 
 COMMON         0x0000000020003af8       0x78 _build/nrf52832_xxaa/SEGGER_RTT.c.o
                0x0000000020003af8                _SEGGER_RTT
                0x0000000020003b70                . = ALIGN (0x4)
                0x0000000020003b70                __bss_end__ = .

.heap           0x0000000020003b70     0x2000
                0x0000000020003b70                __HeapBase = .
                0x0000000020003b70                __end__ = .
                [!provide]                        PROVIDE (end, .)
 *(.heap*)
 .heap          0x0000000020003b70     0x2000 _build/nrf52832_xxaa/gcc_startup_nrf52.S.o
                0x0000000020005b70                __HeapLimit = .

.stack_dummy    0x0000000020003b70     0x2000
 *(.stack*)
 .stack         0x0000000020003b70     0x2000 _build/nrf52832_xxaa/gcc_startup_nrf52.S.o
                0x0000000020010000                __StackTop = (ORIGIN (RAM) + LENGTH (RAM))
                0x000000002000e000                __StackLimit = (__StackTop - SIZEOF (.stack_dummy))
                0x0000000020010000                PROVIDE (__stack, __StackTop)
                0x0000000000000001                ASSERT ((__StackLimit >= __HeapLimit), region RAM overflowed with stack)
                0x0000000000000258                DataInitFlashUsed = (__bss_start__ - __data_start__)
                0x0000000000007b70                CodeFlashUsed = (__etext - ORIGIN (FLASH))
                0x0000000000007dc8                TotalFlashUsed = (CodeFlashUsed + DataInitFlashUsed)
                0x0000000000000001                ASSERT ((TotalFlashUsed <= LENGTH (FLASH)), region FLASH overflowed with .data and user data)
OUTPUT(_build/nrf52832_xxaa.out elf32-littlearm)

.ARM.attributes
                0x0000000000000000       0x30
 .ARM.attributes
                0x0000000000000000       0x22 /home/twolfg/BLEEnvironmentDownloads/gcc-arm-none-eabi-7-2017-q4-major/bin/../lib/gcc/arm-none-eabi/7.2.1/thumb/v7e-m/fpv4-sp/hard/crti.o
 .ARM.attributes
                0x0000000000000022       0x34 /home/twolfg/BLEEnvironmentDownloads/gcc-arm-none-eabi-7-2017-q4-major/bin/../lib/gcc/arm-none-eabi/7.2.1/thumb/v7e-m/fpv4-sp/hard/crtbegin.o
 .ARM.attributes
                0x0000000000000056       0x20 /home/twolfg/BLEEnvironmentDownloads/gcc-arm-none-eabi-7-2017-q4-major/bin/../lib/gcc/arm-none-eabi/7.2.1/../../../../arm-none-eabi/lib/thumb/v7e-m/fpv4-sp/hard/crt0.o
 .ARM.attributes
                0x0000000000000076       0x20 _build/nrf52832_xxaa/gcc_startup_nrf52.S.o
 .ARM.attributes
                0x0000000000000096       0x39 _build/nrf52832_xxaa/nrf_log_backend_rtt.c.o
 .ARM.attributes
                0x00000000000000cf       0x39 _build/nrf52832_xxaa/nrf_log_backend_serial.c.o
 .ARM.attributes
                0x0000000000000108       0x39 _build/nrf52832_xxaa/nrf_log_default_backends.c.o
 .ARM.attributes
                0x0000000000000141       0x39 _build/nrf52832_xxaa/nrf_log_frontend.c.o
 .ARM.attributes
                0x000000000000017a       0x39 _build/nrf52832_xxaa/nrf_log_str_formatter.c.o
 .ARM.attributes
                0x00000000000001b3       0x39 _build/nrf52832_xxaa/app_error.c.o
 .ARM.attributes
                0x00000000000001ec       0x39 _build/nrf52832_xxaa/app_error_weak.c.o
 .ARM.attributes
                0x0000000000000225       0x39 _build/nrf52832_xxaa/app_fifo.c.o
 .ARM.attributes
                0x000000000000025e       0x39 _build/nrf52832_xxaa/app_timer.c.o
 .ARM.attributes
                0x0000000000000297       0x39 _build/nrf52832_xxaa/app_uart_fifo.c.o
 .ARM.attributes
                0x00000000000002d0       0x39 _build/nrf52832_xxaa/app_util_platform.c.o
 .ARM.attributes
                0x0000000000000309       0x39 _build/nrf52832_xxaa/nrf_atfifo.c.o
 .ARM.attributes
                0x0000000000000342       0x39 _build/nrf52832_xxaa/nrf_atflags.c.o
 .ARM.attributes
                0x000000000000037b       0x39 _build/nrf52832_xxaa/nrf_atomic.c.o
 .ARM.attributes
                0x00000000000003b4       0x39 _build/nrf52832_xxaa/nrf_balloc.c.o
 .ARM.attributes
                0x00000000000003ed       0x39 _build/nrf52832_xxaa/nrf_fprintf.c.o
 .ARM.attributes
                0x0000000000000426       0x39 _build/nrf52832_xxaa/nrf_fprintf_format.c.o
 .ARM.attributes
                0x000000000000045f       0x39 _build/nrf52832_xxaa/nrf_fstorage.c.o
 .ARM.attributes
                0x0000000000000498       0x39 _build/nrf52832_xxaa/nrf_fstorage_sd.c.o
 .ARM.attributes
                0x00000000000004d1       0x39 _build/nrf52832_xxaa/nrf_memobj.c.o
 .ARM.attributes
                0x000000000000050a       0x39 _build/nrf52832_xxaa/nrf_pwr_mgmt.c.o
 .ARM.attributes
                0x0000000000000543       0x39 _build/nrf52832_xxaa/nrf_section_iter.c.o
 .ARM.attributes
                0x000000000000057c       0x39 _build/nrf52832_xxaa/nrf_strerror.c.o
 .ARM.attributes
                0x00000000000005b5       0x39 _build/nrf52832_xxaa/system_nrf52.c.o
 .ARM.attributes
                0x00000000000005ee       0x39 _build/nrf52832_xxaa/boards.c.o
 .ARM.attributes
                0x0000000000000627       0x39 _build/nrf52832_xxaa/nrf_drv_clock.c.o
 .ARM.attributes
                0x0000000000000660       0x39 _build/nrf52832_xxaa/nrf_drv_uart.c.o
 .ARM.attributes
                0x0000000000000699       0x39 _build/nrf52832_xxaa/nrfx_clock.c.o
 .ARM.attributes
                0x00000000000006d2       0x39 _build/nrf52832_xxaa/nrfx_gpiote.c.o
 .ARM.attributes
                0x000000000000070b       0x39 _build/nrf52832_xxaa/nrfx_prs.c.o
 .ARM.attributes
                0x0000000000000744       0x39 _build/nrf52832_xxaa/nrfx_uart.c.o
 .ARM.attributes
                0x000000000000077d       0x39 _build/nrf52832_xxaa/nrfx_uarte.c.o
 .ARM.attributes
                0x00000000000007b6       0x39 _build/nrf52832_xxaa/bsp.c.o
 .ARM.attributes
                0x00000000000007ef       0x39 _build/nrf52832_xxaa/bsp_btn_ble.c.o
 .ARM.attributes
                0x0000000000000828       0x39 _build/nrf52832_xxaa/ble_egs.c.o
 .ARM.attributes
                0x0000000000000861       0x39 _build/nrf52832_xxaa/main.c.o
 .ARM.attributes
                0x000000000000089a       0x39 _build/nrf52832_xxaa/SEGGER_RTT.c.o
 .ARM.attributes
                0x00000000000008d3       0x39 _build/nrf52832_xxaa/ble_advdata.c.o
 .ARM.attributes
                0x000000000000090c       0x39 _build/nrf52832_xxaa/ble_advertising.c.o
 .ARM.attributes
                0x0000000000000945       0x39 _build/nrf52832_xxaa/ble_conn_params.c.o
 .ARM.attributes
                0x000000000000097e       0x39 _build/nrf52832_xxaa/ble_conn_state.c.o
 .ARM.attributes
                0x00000000000009b7       0x39 _build/nrf52832_xxaa/ble_srv_common.c.o
 .ARM.attributes
                0x00000000000009f0       0x39 _build/nrf52832_xxaa/nrf_ble_gatt.c.o
 .ARM.attributes
                0x0000000000000a29       0x39 _build/nrf52832_xxaa/nrf_ble_qwr.c.o
 .ARM.attributes
                0x0000000000000a62       0x39 _build/nrf52832_xxaa/ble_nus.c.o
 .ARM.attributes
                0x0000000000000a9b       0x39 _build/nrf52832_xxaa/nrf_sdh.c.o
 .ARM.attributes
                0x0000000000000ad4       0x39 _build/nrf52832_xxaa/nrf_sdh_ble.c.o
 .ARM.attributes
                0x0000000000000b0d       0x39 _build/nrf52832_xxaa/nrf_sdh_soc.c.o
 .ARM.attributes
                0x0000000000000b46       0x34 /home/twolfg/BLEEnvironmentDownloads/gcc-arm-none-eabi-7-2017-q4-major/bin/../lib/gcc/arm-none-eabi/7.2.1/../../../../arm-none-eabi/lib/thumb/v7e-m/fpv4-sp/hard/libc_nano.a(lib_a-exit.o)
 .ARM.attributes
                0x0000000000000b7a       0x34 /home/twolfg/BLEEnvironmentDownloads/gcc-arm-none-eabi-7-2017-q4-major/bin/../lib/gcc/arm-none-eabi/7.2.1/../../../../arm-none-eabi/lib/thumb/v7e-m/fpv4-sp/hard/libc_nano.a(lib_a-impure.o)
 .ARM.attributes
                0x0000000000000bae       0x34 /home/twolfg/BLEEnvironmentDownloads/gcc-arm-none-eabi-7-2017-q4-major/bin/../lib/gcc/arm-none-eabi/7.2.1/../../../../arm-none-eabi/lib/thumb/v7e-m/fpv4-sp/hard/libc_nano.a(lib_a-init.o)
 .ARM.attributes
                0x0000000000000be2       0x34 /home/twolfg/BLEEnvironmentDownloads/gcc-arm-none-eabi-7-2017-q4-major/bin/../lib/gcc/arm-none-eabi/7.2.1/../../../../arm-none-eabi/lib/thumb/v7e-m/fpv4-sp/hard/libc_nano.a(lib_a-locale.o)
 .ARM.attributes
                0x0000000000000c16       0x34 /home/twolfg/BLEEnvironmentDownloads/gcc-arm-none-eabi-7-2017-q4-major/bin/../lib/gcc/arm-none-eabi/7.2.1/../../../../arm-none-eabi/lib/thumb/v7e-m/fpv4-sp/hard/libc_nano.a(lib_a-mbtowc_r.o)
 .ARM.attributes
                0x0000000000000c4a       0x34 /home/twolfg/BLEEnvironmentDownloads/gcc-arm-none-eabi-7-2017-q4-major/bin/../lib/gcc/arm-none-eabi/7.2.1/../../../../arm-none-eabi/lib/thumb/v7e-m/fpv4-sp/hard/libc_nano.a(lib_a-memcpy-stub.o)
 .ARM.attributes
                0x0000000000000c7e       0x34 /home/twolfg/BLEEnvironmentDownloads/gcc-arm-none-eabi-7-2017-q4-major/bin/../lib/gcc/arm-none-eabi/7.2.1/../../../../arm-none-eabi/lib/thumb/v7e-m/fpv4-sp/hard/libc_nano.a(lib_a-memset.o)
 .ARM.attributes
                0x0000000000000cb2       0x34 /home/twolfg/BLEEnvironmentDownloads/gcc-arm-none-eabi-7-2017-q4-major/bin/../lib/gcc/arm-none-eabi/7.2.1/../../../../arm-none-eabi/lib/thumb/v7e-m/fpv4-sp/hard/libc_nano.a(lib_a-strcpy.o)
 .ARM.attributes
                0x0000000000000ce6       0x1b /home/twolfg/BLEEnvironmentDownloads/gcc-arm-none-eabi-7-2017-q4-major/bin/../lib/gcc/arm-none-eabi/7.2.1/../../../../arm-none-eabi/lib/thumb/v7e-m/fpv4-sp/hard/libc_nano.a(lib_a-strlen.o)
 .ARM.attributes
                0x0000000000000d01       0x34 /home/twolfg/BLEEnvironmentDownloads/gcc-arm-none-eabi-7-2017-q4-major/bin/../lib/gcc/arm-none-eabi/7.2.1/../../../../arm-none-eabi/lib/thumb/v7e-m/fpv4-sp/hard/libc_nano.a(lib_a-wctomb_r.o)
 .ARM.attributes
                0x0000000000000d35       0x34 /home/twolfg/BLEEnvironmentDownloads/gcc-arm-none-eabi-7-2017-q4-major/bin/../lib/gcc/arm-none-eabi/7.2.1/../../../../arm-none-eabi/lib/thumb/v7e-m/fpv4-sp/hard/libc_nano.a(lib_a-ctype_.o)
 .ARM.attributes
                0x0000000000000d69       0x34 /home/twolfg/BLEEnvironmentDownloads/gcc-arm-none-eabi-7-2017-q4-major/bin/../lib/gcc/arm-none-eabi/7.2.1/../../../../arm-none-eabi/lib/thumb/v7e-m/fpv4-sp/hard/libnosys.a(_exit.o)
 .ARM.attributes
                0x0000000000000d9d       0x22 /home/twolfg/BLEEnvironmentDownloads/gcc-arm-none-eabi-7-2017-q4-major/bin/../lib/gcc/arm-none-eabi/7.2.1/thumb/v7e-m/fpv4-sp/hard/libgcc.a(_aeabi_uldivmod.o)
 .ARM.attributes
                0x0000000000000dbf       0x34 /home/twolfg/BLEEnvironmentDownloads/gcc-arm-none-eabi-7-2017-q4-major/bin/../lib/gcc/arm-none-eabi/7.2.1/thumb/v7e-m/fpv4-sp/hard/libgcc.a(_udivmoddi4.o)
 .ARM.attributes
                0x0000000000000df3       0x22 /home/twolfg/BLEEnvironmentDownloads/gcc-arm-none-eabi-7-2017-q4-major/bin/../lib/gcc/arm-none-eabi/7.2.1/thumb/v7e-m/fpv4-sp/hard/libgcc.a(_dvmd_tls.o)
 .ARM.attributes
                0x0000000000000e15       0x34 /home/twolfg/BLEEnvironmentDownloads/gcc-arm-none-eabi-7-2017-q4-major/bin/../lib/gcc/arm-none-eabi/7.2.1/thumb/v7e-m/fpv4-sp/hard/crtend.o
 .ARM.attributes
                0x0000000000000e49       0x22 /home/twolfg/BLEEnvironmentDownloads/gcc-arm-none-eabi-7-2017-q4-major/bin/../lib/gcc/arm-none-eabi/7.2.1/thumb/v7e-m/fpv4-sp/hard/crtn.o

.comment        0x0000000000000000       0x7e
 .comment       0x0000000000000000       0x7e _build/nrf52832_xxaa/nrf_log_backend_rtt.c.o
                                         0x7f (size before relaxing)
 .comment       0x000000000000007e       0x7f _build/nrf52832_xxaa/nrf_log_backend_serial.c.o
 .comment       0x000000000000007e       0x7f _build/nrf52832_xxaa/nrf_log_default_backends.c.o
 .comment       0x000000000000007e       0x7f _build/nrf52832_xxaa/nrf_log_frontend.c.o
 .comment       0x000000000000007e       0x7f _build/nrf52832_xxaa/nrf_log_str_formatter.c.o
 .comment       0x000000000000007e       0x7f _build/nrf52832_xxaa/app_error.c.o
 .comment       0x000000000000007e       0x7f _build/nrf52832_xxaa/app_error_weak.c.o
 .comment       0x000000000000007e       0x7f _build/nrf52832_xxaa/app_fifo.c.o
 .comment       0x000000000000007e       0x7f _build/nrf52832_xxaa/app_timer.c.o
 .comment       0x000000000000007e       0x7f _build/nrf52832_xxaa/app_uart_fifo.c.o
 .comment       0x000000000000007e       0x7f _build/nrf52832_xxaa/app_util_platform.c.o
 .comment       0x000000000000007e       0x7f _build/nrf52832_xxaa/nrf_atfifo.c.o
 .comment       0x000000000000007e       0x7f _build/nrf52832_xxaa/nrf_atflags.c.o
 .comment       0x000000000000007e       0x7f _build/nrf52832_xxaa/nrf_atomic.c.o
 .comment       0x000000000000007e       0x7f _build/nrf52832_xxaa/nrf_balloc.c.o
 .comment       0x000000000000007e       0x7f _build/nrf52832_xxaa/nrf_fprintf.c.o
 .comment       0x000000000000007e       0x7f _build/nrf52832_xxaa/nrf_fprintf_format.c.o
 .comment       0x000000000000007e       0x7f _build/nrf52832_xxaa/nrf_fstorage.c.o
 .comment       0x000000000000007e       0x7f _build/nrf52832_xxaa/nrf_fstorage_sd.c.o
 .comment       0x000000000000007e       0x7f _build/nrf52832_xxaa/nrf_memobj.c.o
 .comment       0x000000000000007e       0x7f _build/nrf52832_xxaa/nrf_pwr_mgmt.c.o
 .comment       0x000000000000007e       0x7f _build/nrf52832_xxaa/nrf_section_iter.c.o
 .comment       0x000000000000007e       0x7f _build/nrf52832_xxaa/nrf_strerror.c.o
 .comment       0x000000000000007e       0x7f _build/nrf52832_xxaa/system_nrf52.c.o
 .comment       0x000000000000007e       0x7f _build/nrf52832_xxaa/boards.c.o
 .comment       0x000000000000007e       0x7f _build/nrf52832_xxaa/nrf_drv_clock.c.o
 .comment       0x000000000000007e       0x7f _build/nrf52832_xxaa/nrf_drv_uart.c.o
 .comment       0x000000000000007e       0x7f _build/nrf52832_xxaa/nrfx_clock.c.o
 .comment       0x000000000000007e       0x7f _build/nrf52832_xxaa/nrfx_gpiote.c.o
 .comment       0x000000000000007e       0x7f _build/nrf52832_xxaa/nrfx_prs.c.o
 .comment       0x000000000000007e       0x7f _build/nrf52832_xxaa/nrfx_uart.c.o
 .comment       0x000000000000007e       0x7f _build/nrf52832_xxaa/nrfx_uarte.c.o
 .comment       0x000000000000007e       0x7f _build/nrf52832_xxaa/bsp.c.o
 .comment       0x000000000000007e       0x7f _build/nrf52832_xxaa/bsp_btn_ble.c.o
 .comment       0x000000000000007e       0x7f _build/nrf52832_xxaa/ble_egs.c.o
 .comment       0x000000000000007e       0x7f _build/nrf52832_xxaa/main.c.o
 .comment       0x000000000000007e       0x7f _build/nrf52832_xxaa/SEGGER_RTT.c.o
 .comment       0x000000000000007e       0x7f _build/nrf52832_xxaa/ble_advdata.c.o
 .comment       0x000000000000007e       0x7f _build/nrf52832_xxaa/ble_advertising.c.o
 .comment       0x000000000000007e       0x7f _build/nrf52832_xxaa/ble_conn_params.c.o
 .comment       0x000000000000007e       0x7f _build/nrf52832_xxaa/ble_conn_state.c.o
 .comment       0x000000000000007e       0x7f _build/nrf52832_xxaa/ble_srv_common.c.o
 .comment       0x000000000000007e       0x7f _build/nrf52832_xxaa/nrf_ble_gatt.c.o
 .comment       0x000000000000007e       0x7f _build/nrf52832_xxaa/nrf_ble_qwr.c.o
 .comment       0x000000000000007e       0x7f _build/nrf52832_xxaa/ble_nus.c.o
 .comment       0x000000000000007e       0x7f _build/nrf52832_xxaa/nrf_sdh.c.o
 .comment       0x000000000000007e       0x7f _build/nrf52832_xxaa/nrf_sdh_ble.c.o
 .comment       0x000000000000007e       0x7f _build/nrf52832_xxaa/nrf_sdh_soc.c.o

.debug_line     0x0000000000000000    0x228c1
 .debug_line    0x0000000000000000       0xb1 _build/nrf52832_xxaa/gcc_startup_nrf52.S.o
 .debug_line    0x00000000000000b1      0xd95 _build/nrf52832_xxaa/nrf_log_backend_rtt.c.o
 .debug_line    0x0000000000000e46      0xa22 _build/nrf52832_xxaa/nrf_log_backend_serial.c.o
 .debug_line    0x0000000000001868      0x973 _build/nrf52832_xxaa/nrf_log_default_backends.c.o
 .debug_line    0x00000000000021db     0x114f _build/nrf52832_xxaa/nrf_log_frontend.c.o
 .debug_line    0x000000000000332a      0xa7c _build/nrf52832_xxaa/nrf_log_str_formatter.c.o
 .debug_line    0x0000000000003da6      0x5ce _build/nrf52832_xxaa/app_error.c.o
 .debug_line    0x0000000000004374      0xa16 _build/nrf52832_xxaa/app_error_weak.c.o
 .debug_line    0x0000000000004d8a      0x772 _build/nrf52832_xxaa/app_fifo.c.o
 .debug_line    0x00000000000054fc      0xeb0 _build/nrf52832_xxaa/app_timer.c.o
 .debug_line    0x00000000000063ac      0xc3e _build/nrf52832_xxaa/app_uart_fifo.c.o
 .debug_line    0x0000000000006fea      0x6e4 _build/nrf52832_xxaa/app_util_platform.c.o
 .debug_line    0x00000000000076ce      0x94b _build/nrf52832_xxaa/nrf_atfifo.c.o
 .debug_line    0x0000000000008019      0x775 _build/nrf52832_xxaa/nrf_atflags.c.o
 .debug_line    0x000000000000878e      0x7a9 _build/nrf52832_xxaa/nrf_atomic.c.o
 .debug_line    0x0000000000008f37      0x93a _build/nrf52832_xxaa/nrf_balloc.c.o
 .debug_line    0x0000000000009871      0x642 _build/nrf52832_xxaa/nrf_fprintf.c.o
 .debug_line    0x0000000000009eb3      0x83f _build/nrf52832_xxaa/nrf_fprintf_format.c.o
 .debug_line    0x000000000000a6f2      0x9ba _build/nrf52832_xxaa/nrf_fstorage.c.o